Component: ARM Compiler 5.06 update 7 (build 960) Tool: armlink [4d3601]

==============================================================================

Section Cross References

    startup_stm32f411xe.o(RESET) refers to startup_stm32f411xe.o(STACK) for __initial_sp
    startup_stm32f411xe.o(RESET) refers to startup_stm32f411xe.o(.text) for Reset_Handler
    startup_stm32f411xe.o(RESET) refers to stm32f4xx_it.o(i.NMI_Handler) for NMI_Handler
    startup_stm32f411xe.o(RESET) refers to context_rvds.o(.text) for HardFault_Handler
    startup_stm32f411xe.o(RESET) refers to stm32f4xx_it.o(i.MemManage_Handler) for MemManage_Handler
    startup_stm32f411xe.o(RESET) refers to stm32f4xx_it.o(i.BusFault_Handler) for BusFault_Handler
    startup_stm32f411xe.o(RESET) refers to stm32f4xx_it.o(i.UsageFault_Handler) for UsageFault_Handler
    startup_stm32f411xe.o(RESET) refers to stm32f4xx_it.o(i.SVC_Handler) for SVC_Handler
    startup_stm32f411xe.o(RESET) refers to stm32f4xx_it.o(i.DebugMon_Handler) for DebugMon_Handler
    startup_stm32f411xe.o(RESET) refers to stm32f4xx_it.o(i.SysTick_Handler) for SysTick_Handler
    startup_stm32f411xe.o(RESET) refers to stm32f4xx_it.o(i.OTG_FS_IRQHandler) for OTG_FS_IRQHandler
    startup_stm32f411xe.o(RESET) refers to stm32f4xx_it.o(i.DMA2_Stream6_IRQHandler) for DMA2_Stream6_IRQHandler
    startup_stm32f411xe.o(.text) refers to system_stm32f4xx.o(i.SystemInit) for SystemInit
    startup_stm32f411xe.o(.text) refers to entry.o(.ARM.Collect$$$$00000000) for __main
    clock.o(i.rt_tick_get) refers to clock.o(.data) for .data
    clock.o(i.rt_tick_increase) refers to thread.o(i.rt_thread_self) for rt_thread_self
    clock.o(i.rt_tick_increase) refers to scheduler.o(i.rt_schedule) for rt_schedule
    clock.o(i.rt_tick_increase) refers to timer.o(i.rt_timer_check) for rt_timer_check
    clock.o(i.rt_tick_increase) refers to clock.o(.data) for .data
    clock.o(i.rt_tick_set) refers to context_rvds.o(.text) for rt_hw_interrupt_disable
    clock.o(i.rt_tick_set) refers to clock.o(.data) for .data
    cpuport.o(i.rt_hw_cpu_shutdown) refers to kservice.o(i.rt_kprintf) for rt_kprintf
    cpuport.o(i.rt_hw_cpu_shutdown) refers to kservice.o(i.rt_assert_handler) for rt_assert_handler
    cpuport.o(i.rt_hw_cpu_shutdown) refers to cpuport.o(.constdata) for .constdata
    cpuport.o(i.rt_hw_exception_install) refers to cpuport.o(.data) for .data
    cpuport.o(i.rt_hw_hard_fault_exception) refers to kservice.o(i.rt_kprintf) for rt_kprintf
    cpuport.o(i.rt_hw_hard_fault_exception) refers to thread.o(i.rt_thread_self) for rt_thread_self
    cpuport.o(i.rt_hw_hard_fault_exception) refers to cpuport.o(.data) for .data
    device.o(i.rt_device_close) refers to kservice.o(i.rt_assert_handler) for rt_assert_handler
    device.o(i.rt_device_close) refers to object.o(i.rt_object_get_type) for rt_object_get_type
    device.o(i.rt_device_close) refers to device.o(.constdata) for .constdata
    device.o(i.rt_device_control) refers to kservice.o(i.rt_assert_handler) for rt_assert_handler
    device.o(i.rt_device_control) refers to object.o(i.rt_object_get_type) for rt_object_get_type
    device.o(i.rt_device_control) refers to device.o(.constdata) for .constdata
    device.o(i.rt_device_create) refers to mem.o(i.rt_malloc) for rt_malloc
    device.o(i.rt_device_create) refers to kservice.o(i.rt_memset) for rt_memset
    device.o(i.rt_device_destroy) refers to kservice.o(i.rt_assert_handler) for rt_assert_handler
    device.o(i.rt_device_destroy) refers to object.o(i.rt_object_get_type) for rt_object_get_type
    device.o(i.rt_device_destroy) refers to object.o(i.rt_object_is_systemobject) for rt_object_is_systemobject
    device.o(i.rt_device_destroy) refers to object.o(i.rt_object_detach) for rt_object_detach
    device.o(i.rt_device_destroy) refers to mem.o(i.rt_free) for rt_free
    device.o(i.rt_device_destroy) refers to device.o(.constdata) for .constdata
    device.o(i.rt_device_find) refers to thread.o(i.rt_thread_self) for rt_thread_self
    device.o(i.rt_device_find) refers to scheduler.o(i.rt_enter_critical) for rt_enter_critical
    device.o(i.rt_device_find) refers to object.o(i.rt_object_get_information) for rt_object_get_information
    device.o(i.rt_device_find) refers to kservice.o(i.rt_assert_handler) for rt_assert_handler
    device.o(i.rt_device_find) refers to kservice.o(i.rt_strncmp) for rt_strncmp
    device.o(i.rt_device_find) refers to scheduler.o(i.rt_exit_critical) for rt_exit_critical
    device.o(i.rt_device_find) refers to device.o(.constdata) for .constdata
    device.o(i.rt_device_init) refers to kservice.o(i.rt_assert_handler) for rt_assert_handler
    device.o(i.rt_device_init) refers to kservice.o(i.rt_kprintf) for rt_kprintf
    device.o(i.rt_device_init) refers to device.o(.constdata) for .constdata
    device.o(i.rt_device_open) refers to kservice.o(i.rt_assert_handler) for rt_assert_handler
[...]
    USBD_CDC_DeviceQualifierDesc             0x200001c4   Data          10  usbd_cdc.o(.data)
    USBD_CDC_CfgHSDesc                       0x200001d0   Data          67  usbd_cdc.o(.data)
    USBD_CDC_CfgFSDesc                       0x20000214   Data          67  usbd_cdc.o(.data)
    USBD_CDC_OtherSpeedCfgDesc               0x20000258   Data          67  usbd_cdc.o(.data)
    .data                                    0x2000029c   Section       56  usbd_cdc.o(.data)
    .bss                                     0x200002d8   Section     1168  idle.o(.bss)
    idle                                     0x200002d8   Data         128  idle.o(.bss)
    rt_thread_stack                          0x20000358   Data        1024  idle.o(.bss)
    idle_hook_list                           0x20000758   Data          16  idle.o(.bss)
    .bss                                     0x20000768   Section      128  kservice.o(.bss)
    rt_log_buf                               0x20000768   Data         128  kservice.o(.bss)
    .bss                                     0x200007e8   Section       32  mem.o(.bss)
    heap_sem                                 0x200007e8   Data          32  mem.o(.bss)
    .bss                                     0x20000808   Section      256  scheduler.o(.bss)
    .bss                                     0x20000908   Section    32768  main.o(.bss)
    system_memory                            0x20000908   Data       32768  main.o(.bss)
    .bss                                     0x20008908   Section       84  i2c.o(.bss)
    .bss                                     0x2000895c   Section      240  tim.o(.bss)
    .bss                                     0x20008a4c   Section      616  user_code.o(.bss)
    .bss                                     0x20008cb4   Section      720  usb_device.o(.bss)
    .bss                                     0x20008f84   Section      512  usbd_desc.o(.bss)
    .bss                                     0x20009184   Section     4096  usbd_cdc_if.o(.bss)
    .bss                                     0x2000a184   Section     1576  usbd_conf.o(.bss)
    mem                                      0x2000a184   Data         544  usbd_conf.o(.bss)
    STACK                                    0x2000a7b0   Section     8192  startup_stm32f411xe.o(STACK)

    Global Symbols

    Symbol Name                              Value     Ov Type        Size  Object(Section)

    BuildAttributes$$THM_ISAv4$E$P$D$K$B$S$7EM$VFPi3$EXTD16$VFPS$VFMA$PE$A:L22UL41UL21$X:L11$S22US41US21$IEEE1$IW$USESV6$~STKCKD$USESV7$~SHL$OSPACE$ROPI$EBA8$MICROLIB$REQ8$PRES8$EABIv2 0x00000000   Number         0  anon$$obj.o ABSOLUTE
    __ARM_use_no_argv                        0x00000000   Number         0  main.o ABSOLUTE
    __arm_fini_                               - Undefined Weak Reference
    __cpp_initialize__aeabi_                  - Undefined Weak Reference
    __cxa_finalize                            - Undefined Weak Reference
    _clock_init                               - Undefined Weak Reference
    _microlib_exit                            - Undefined Weak Reference
    __Vectors_Size                           0x00000198   Number         0  startup_stm32f411xe.o ABSOLUTE
    __Vectors                                0x08000000   Data           4  startup_stm32f411xe.o(RESET)
    __Vectors_End                            0x08000198   Data           0  startup_stm32f411xe.o(RESET)
    __main                                   0x08000199   Thumb Code     0  entry.o(.ARM.Collect$$$$00000000)
    _main_stk                                0x08000199   Thumb Code     0  entry2.o(.ARM.Collect$$$$00000001)
    _main_scatterload                        0x0800019d   Thumb Code     0  entry5.o(.ARM.Collect$$$$00000004)
    __main_after_scatterload                 0x080001a1   Thumb Code     0  entry5.o(.ARM.Collect$$$$00000004)
    _main_clock                              0x080001a1   Thumb Code     0  entry7b.o(.ARM.Collect$$$$00000008)
    _main_cpp_init                           0x080001a1   Thumb Code     0  entry8b.o(.ARM.Collect$$$$0000000A)
    _main_init                               0x080001a1   Thumb Code     0  entry9a.o(.ARM.Collect$$$$0000000B)
    __rt_lib_shutdown_fini                   0x080001a9   Thumb Code     0  entry12b.o(.ARM.Collect$$$$0000000E)
    __rt_final_cpp                           0x080001ad   Thumb Code     0  entry10a.o(.ARM.Collect$$$$0000000F)
    __rt_final_exit                          0x080001ad   Thumb Code     0  entry11a.o(.ARM.Collect$$$$00000011)
    Reset_Handler                            0x080001b1   Thumb Code     8  startup_stm32f411xe.o(.text)
    ADC_IRQHandler                           0x080001cb   Thumb Code     0  startup_stm32f411xe.o(.text)
    DMA1_Stream0_IRQHandler                  0x080001cb   Thumb Code     0  startup_stm32f411xe.o(.text)
    DMA1_Stream1_IRQHandler                  0x080001cb   Thumb Code     0  startup_stm32f411xe.o(.text)
    DMA1_Stream2_IRQHandler                  0x080001cb   Thumb Code     0  startup_stm32f411xe.o(.text)
    DMA1_Stream3_IRQHandler                  0x080001cb   Thumb Code     0  startup_stm32f411xe.o(.text)
    DMA1_Stream4_IRQHandler                  0x080001cb   Thumb Code     0  startup_stm32f411xe.o(.text)
    DMA1_Stream5_IRQHandler                  0x080001cb   Thumb Code     0  startup_stm32f411xe.o(.text)
    DMA1_Stream6_IRQHandler                  0x080001cb   Thumb Code     0  startup_stm32f411xe.o(.text)
    DMA1_Stream7_IRQHandler                  0x080001cb   Thumb Code     0  startup_stm32f411xe.o(.text)
    DMA2_Stream0_IRQHandler                  0x080001cb   Thumb Code     0  startup_stm32f411xe.o(.text)
    DMA2_Stream1_IRQHandler                  0x080001cb   Thumb Code     0  startup_stm32f411xe.o(.text)
    DMA2_Stream2_IRQHandler                  0x080001cb   Thumb Code     0  startup_stm32f411xe.o(.text)
    DMA2_Stream3_IRQHandler                  0x080001cb   Thumb Code     0  startup_stm32f411xe.o(.text)
    DMA2_Stream4_IRQHandler                  0x080001cb   Thumb Code     0  startup_stm32f411xe.o(.text)
    DMA2_Stream5_IRQHandler                  0x080001cb   Thumb Code     0  startup_stm32f411xe.o(.text)
    DMA2_Stream7_IRQHandler                  0x080001cb   Thumb Code     0  startup_stm32f411xe.o(.text)
    EXTI0_IRQHandler                         0x080001cb   Thumb Code     0  startup_stm32f411xe.o(.text)
    EXTI15_10_IRQHandler                     0x080001cb   Thumb Code     0  startup_stm32f411xe.o(.text)
    EXTI1_IRQHandler                         0x080001cb   Thumb Code     0  startup_stm32f411xe.o(.text)
    EXTI2_IRQHandler                         0x080001cb   Thumb Code     0  startup_stm32f411xe.o(.text)
    EXTI3_IRQHandler                         0x080001cb   Thumb Code     0  startup_stm32f411xe.o(.text)
    EXTI4_IRQHandler                         0x080001cb   Thumb Code     0  startup_stm32f411xe.o(.text)
    EXTI9_5_IRQHandler                       0x080001cb   Thumb Code     0  startup_stm32f411xe.o(.text)
    FLASH_IRQHandler                         0x080001cb   Thumb Code     0  startup_stm32f411xe.o(.text)
    FPU_IRQHandler                           0x080001cb   Thumb Code     0  startup_stm32f411xe.o(.text)
    I2C1_ER_IRQHandler                       0x080001cb   Thumb Code     0  startup_stm32f411xe.o(.text)
    I2C1_EV_IRQHandler                       0x080001cb   Thumb Code     0  startup_stm32f411xe.o(.text)
    I2C2_ER_IRQHandler                       0x080001cb   Thumb Code     0  startup_stm32f411xe.o(.text)
    I2C2_EV_IRQHandler                       0x080001cb   Thumb Code     0  startup_stm32f411xe.o(.text)
    I2C3_ER_IRQHandler                       0x080001cb   Thumb Code     0  startup_stm32f411xe.o(.text)
    I2C3_EV_IRQHandler                       0x080001cb   Thumb Code     0  startup_stm32f411xe.o(.text)
    OTG_FS_WKUP_IRQHandler                   0x080001cb   Thumb Code     0  startup_stm32f411xe.o(.text)
    PVD_IRQHandler                           0x080001cb   Thumb Code     0  startup_stm32f411xe.o(.text)
    RCC_IRQHandler                           0x080001cb   Thumb Code     0  startup_stm32f411xe.o(.text)
    RTC_Alarm_IRQHandler                     0x080001cb   Thumb Code     0  startup_stm32f411xe.o(.text)
    RTC_WKUP_IRQHandler                      0x080001cb   Thumb Code     0  startup_stm32f411xe.o(.text)
    SDIO_IRQHandler                          0x080001cb   Thumb Code     0  startup_stm32f411xe.o(.text)
    SPI1_IRQHandler                          0x080001cb   Thumb Code     0  startup_stm32f411xe.o(.text)
    SPI2_IRQHandler                          0x080001cb   Thumb Code     0  startup_stm32f411xe.o(.text)
    SPI3_IRQHandler                          0x080001cb   Thumb Code     0  startup_stm32f411xe.o(.text)
    SPI4_IRQHandler                          0x080001cb   Thumb Code     0  startup_stm32f411xe.o(.text)
    SPI5_IRQHandler                          0x080001cb   Thumb Code     0  startup_stm32f411xe.o(.text)
    TAMP_STAMP_IRQHandler                    0x080001cb   Thumb Code     0  startup_stm32f411xe.o(.text)
    TIM1_BRK_TIM9_IRQHandler                 0x080001cb   Thumb Code     0  startup_stm32f411xe.o(.text)
    TIM1_CC_IRQHandler                       0x080001cb   Thumb Code     0  startup_stm32f411xe.o(.text)
    TIM1_TRG_COM_TIM11_IRQHandler            0x080001cb   Thumb Code     0  startup_stm32f411xe.o(.text)
    TIM1_UP_TIM10_IRQHandler                 0x080001cb   Thumb Code     0  startup_stm32f411xe.o(.text)
    TIM2_IRQHandler                          0x080001cb   Thumb Code     0  startup_stm32f411xe.o(.text)
    TIM3_IRQHandler                          0x080001cb   Thumb Code     0  startup_stm32f411xe.o(.text)
    TIM4_IRQHandler                          0x080001cb   Thumb Code     0  startup_stm32f411xe.o(.text)
    TIM5_IRQHandler                          0x080001cb   Thumb Code     0  startup_stm32f411xe.o(.text)
    USART1_IRQHandler                        0x080001cb   Thumb Code     0  startup_stm32f411xe.o(.text)
    USART2_IRQHandler                        0x080001cb   Thumb Code     0  startup_stm32f411xe.o(.text)
    USART6_IRQHandler                        0x080001cb   Thumb Code     0  startup_stm32f411xe.o(.text)
    WWDG_IRQHandler                          0x080001cb   Thumb Code     0  startup_stm32f411xe.o(.text)
    rt_hw_interrupt_disable                  0x080001d5   Thumb Code     8  context_rvds.o(.text)
    rt_hw_interrupt_enable                   0x080001dd   Thumb Code     6  context_rvds.o(.text)
    rt_hw_context_switch                     0x080001e3   Thumb Code    32  context_rvds.o(.text)
    rt_hw_context_switch_interrupt           0x080001e3   Thumb Code     0  context_rvds.o(.text)
    PendSV_Handler                           0x08000203   Thumb Code   108  context_rvds.o(.text)
    rt_hw_context_switch_to                  0x0800026f   Thumb Code    68  context_rvds.o(.text)
    rt_hw_interrupt_thread_switch            0x080002b3   Thumb Code     2  context_rvds.o(.text)
    HardFault_Handler                        0x080002b5   Thumb Code    56  context_rvds.o(.text)
    __aeabi_uldivmod                         0x08000309   Thumb Code    98  uldiv.o(.text)
    __aeabi_memcpy                           0x0800036b   Thumb Code    36  memcpya.o(.text)
    __aeabi_memcpy4                          0x0800036b   Thumb Code     0  memcpya.o(.text)
    __aeabi_memcpy8                          0x0800036b   Thumb Code     0  memcpya.o(.text)
    __aeabi_memset                           0x0800038f   Thumb Code    14  memseta.o(.text)
    __aeabi_memset4                          0x0800038f   Thumb Code     0  memseta.o(.text)
    __aeabi_memset8                          0x0800038f   Thumb Code     0  memseta.o(.text)
    __aeabi_memclr                           0x0800039d   Thumb Code     4  memseta.o(.text)
    __aeabi_memclr4                          0x0800039d   Thumb Code     0  memseta.o(.text)
    __aeabi_memclr8                          0x0800039d   Thumb Code     0  memseta.o(.text)
    _memset$wrapper                          0x080003a1   Thumb Code    18  memseta.o(.text)
    __aeabi_llsl                             0x080003b3   Thumb Code    30  llshl.o(.text)
    _ll_shift_l                              0x080003b3   Thumb Code     0  llshl.o(.text)
    __aeabi_llsr                             0x080003d1   Thumb Code    32  llushr.o(.text)
    _ll_ushift_r                             0x080003d1   Thumb Code     0  llushr.o(.text)
    __scatterload                            0x080003f1   Thumb Code    28  init.o(.text)
    __scatterload_rt2                        0x080003f1   Thumb Code     0  init.o(.text)
    __decompress                             0x08000415   Thumb Code     0  __dczerorl2.o(.text)
    __decompress1                            0x08000415   Thumb Code    86  __dczerorl2.o(.text)
    BusFault_Handler                         0x0800046b   Thumb Code     2  stm32f4xx_it.o(i.BusFault_Handler)
    DMA2_Stream6_IRQHandler                  0x080004bd   Thumb Code    20  stm32f4xx_it.o(i.DMA2_Stream6_IRQHandler)
    DebugMon_Handler                         0x08000579   Thumb Code     2  stm32f4xx_it.o(i.DebugMon_Handler)
    Error_Handler                            0x0800057b   Thumb Code     2  main.o(i.Error_Handler)
    HAL_DMA_IRQHandler                       0x0800057d   Thumb Code   412  stm32f4xx_hal_dma.o(i.HAL_DMA_IRQHandler)
    HAL_DMA_Init                             0x0800071d   Thumb Code   206  stm32f4xx_hal_dma.o(i.HAL_DMA_Init)
    HAL_DMA_Start_IT                         0x080007f1   Thumb Code   110  stm32f4xx_hal_dma.o(i.HAL_DMA_Start_IT)
    HAL_Delay                                0x08000861   Thumb Code    32  stm32f4xx_hal.o(i.HAL_Delay)
    HAL_GPIO_Init                            0x08000885   Thumb Code   444  stm32f4xx_hal_gpio.o(i.HAL_GPIO_Init)
    HAL_GetTick                              0x08000a61   Thumb Code     6  stm32f4xx_hal.o(i.HAL_GetTick)
    HAL_I2C_Init                             0x08000a6d   Thumb Code   376  stm32f4xx_hal_i2c.o(i.HAL_I2C_Init)
    HAL_I2C_Mem_Write                        0x08000bf5   Thumb Code   294  stm32f4xx_hal_i2c.o(i.HAL_I2C_Mem_Write)
    HAL_I2C_MspInit                          0x08000d25   Thumb Code   110  i2c.o(i.HAL_I2C_MspInit)
    HAL_IncTick                              0x08000da1   Thumb Code    12  stm32f4xx_hal.o(i.HAL_IncTick)
    HAL_Init                                 0x08000db1   Thumb Code    48  stm32f4xx_hal.o(i.HAL_Init)
    HAL_InitTick                             0x08000de5   Thumb Code    54  stm32f4xx_hal.o(i.HAL_InitTick)
    HAL_MspInit                              0x08000e25   Thumb Code    42  stm32f4xx_hal_msp.o(i.HAL_MspInit)
    HAL_NVIC_EnableIRQ                       0x08000e55   Thumb Code    26  stm32f4xx_hal_cortex.o(i.HAL_NVIC_EnableIRQ)
    HAL_NVIC_SetPriority                     0x08000e71   Thumb Code    60  stm32f4xx_hal_cortex.o(i.HAL_NVIC_SetPriority)
    HAL_NVIC_SetPriorityGrouping             0x08000eb1   Thumb Code    26  stm32f4xx_hal_cortex.o(i.HAL_NVIC_SetPriorityGrouping)
    HAL_PCDEx_LPM_Callback                   0x08000ed5   Thumb Code     2  stm32f4xx_hal_pcd_ex.o(i.HAL_PCDEx_LPM_Callback)
    HAL_PCDEx_SetRxFiFo                      0x08000ed7   Thumb Code     8  stm32f4xx_hal_pcd_ex.o(i.HAL_PCDEx_SetRxFiFo)
    HAL_PCDEx_SetTxFiFo                      0x08000edf   Thumb Code    68  stm32f4xx_hal_pcd_ex.o(i.HAL_PCDEx_SetTxFiFo)
    HAL_PCD_ConnectCallback                  0x08000f23   Thumb Code     8  usbd_conf.o(i.HAL_PCD_ConnectCallback)
    HAL_PCD_DataInStageCallback              0x08000f2b   Thumb Code    18  usbd_conf.o(i.HAL_PCD_DataInStageCallback)
    HAL_PCD_DataOutStageCallback             0x08000f3d   Thumb Code    20  usbd_conf.o(i.HAL_PCD_DataOutStageCallback)
    HAL_PCD_DisconnectCallback               0x08000f51   Thumb Code     8  usbd_conf.o(i.HAL_PCD_DisconnectCallback)
    HAL_PCD_EP_Close                         0x08000f59   Thumb Code    76  stm32f4xx_hal_pcd.o(i.HAL_PCD_EP_Close)
    HAL_PCD_EP_ClrStall                      0x08000fa5   Thumb Code    92  stm32f4xx_hal_pcd.o(i.HAL_PCD_EP_ClrStall)
    HAL_PCD_EP_GetRxCount                    0x08001001   Thumb Code    18  stm32f4xx_hal_pcd.o(i.HAL_PCD_EP_GetRxCount)
    HAL_PCD_EP_Open                          0x08001013   Thumb Code    96  stm32f4xx_hal_pcd.o(i.HAL_PCD_EP_Open)
    HAL_PCD_EP_Receive                       0x08001073   Thumb Code    72  stm32f4xx_hal_pcd.o(i.HAL_PCD_EP_Receive)
    HAL_PCD_EP_SetStall                      0x080010bb   Thumb Code   116  stm32f4xx_hal_pcd.o(i.HAL_PCD_EP_SetStall)
    HAL_PCD_EP_Transmit                      0x0800112f   Thumb Code    64  stm32f4xx_hal_pcd.o(i.HAL_PCD_EP_Transmit)
    HAL_PCD_IRQHandler                       0x08001171   Thumb Code  1070  stm32f4xx_hal_pcd.o(i.HAL_PCD_IRQHandler)
    HAL_PCD_ISOINIncompleteCallback          0x080015a5   Thumb Code     8  usbd_conf.o(i.HAL_PCD_ISOINIncompleteCallback)
    HAL_PCD_ISOOUTIncompleteCallback         0x080015ad   Thumb Code     8  usbd_conf.o(i.HAL_PCD_ISOOUTIncompleteCallback)
    HAL_PCD_Init                             0x080015b5   Thumb Code   226  stm32f4xx_hal_pcd.o(i.HAL_PCD_Init)
    HAL_PCD_MspInit                          0x08001699   Thumb Code   122  usbd_conf.o(i.HAL_PCD_MspInit)
    HAL_PCD_ResetCallback                    0x0800171d   Thumb Code    38  usbd_conf.o(i.HAL_PCD_ResetCallback)
    HAL_PCD_ResumeCallback                   0x08001743   Thumb Code     8  usbd_conf.o(i.HAL_PCD_ResumeCallback)
    HAL_PCD_SOFCallback                      0x0800174b   Thumb Code     8  usbd_conf.o(i.HAL_PCD_SOFCallback)
    HAL_PCD_SetAddress                       0x08001753   Thumb Code    40  stm32f4xx_hal_pcd.o(i.HAL_PCD_SetAddress)
    HAL_PCD_SetupStageCallback               0x0800177b   Thumb Code    14  usbd_conf.o(i.HAL_PCD_SetupStageCallback)
    HAL_PCD_Start                            0x08001789   Thumb Code    66  stm32f4xx_hal_pcd.o(i.HAL_PCD_Start)
    HAL_PCD_SuspendCallback                  0x080017cd   Thumb Code    44  usbd_conf.o(i.HAL_PCD_SuspendCallback)
    HAL_RCC_ClockConfig                      0x080017fd   Thumb Code   288  stm32f4xx_hal_rcc.o(i.HAL_RCC_ClockConfig)
    HAL_RCC_GetHCLKFreq                      0x08001931   Thumb Code     6  stm32f4xx_hal_rcc.o(i.HAL_RCC_GetHCLKFreq)
    HAL_RCC_GetPCLK1Freq                     0x0800193d   Thumb Code    20  stm32f4xx_hal_rcc.o(i.HAL_RCC_GetPCLK1Freq)
    HAL_RCC_GetSysClockFreq                  0x0800195d   Thumb Code    88  stm32f4xx_hal_rcc.o(i.HAL_RCC_GetSysClockFreq)
    HAL_RCC_OscConfig                        0x080019c1   Thumb Code   856  stm32f4xx_hal_rcc.o(i.HAL_RCC_OscConfig)
    HAL_SYSTICK_Config                       0x08001d2d   Thumb Code    40  stm32f4xx_hal_cortex.o(i.HAL_SYSTICK_Config)
    HAL_TIMEx_ConfigBreakDeadTime            0x08001d55   Thumb Code    84  stm32f4xx_hal_tim_ex.o(i.HAL_TIMEx_ConfigBreakDeadTime)
    HAL_TIMEx_MasterConfigSynchronization    0x08001da9   Thumb Code   104  stm32f4xx_hal_tim_ex.o(i.HAL_TIMEx_MasterConfigSynchronization)
    HAL_TIM_Base_Init                        0x08001e25   Thumb Code    90  stm32f4xx_hal_tim.o(i.HAL_TIM_Base_Init)
    HAL_TIM_Base_MspInit                     0x08001e81   Thumb Code   114  tim.o(i.HAL_TIM_Base_MspInit)
    HAL_TIM_ConfigClockSource                0x08001f05   Thumb Code   214  stm32f4xx_hal_tim.o(i.HAL_TIM_ConfigClockSource)
    HAL_TIM_ErrorCallback                    0x08001fdb   Thumb Code     2  stm32f4xx_hal_tim.o(i.HAL_TIM_ErrorCallback)
    HAL_TIM_MspPostInit                      0x08001fdd   Thumb Code    98  tim.o(i.HAL_TIM_MspPostInit)
    HAL_TIM_OC_ConfigChannel                 0x0800204d   Thumb Code    76  stm32f4xx_hal_tim.o(i.HAL_TIM_OC_ConfigChannel)
    HAL_TIM_OC_Init                          0x08002099   Thumb Code    90  stm32f4xx_hal_tim.o(i.HAL_TIM_OC_Init)
    HAL_TIM_OC_MspInit                       0x080020f3   Thumb Code     2  stm32f4xx_hal_tim.o(i.HAL_TIM_OC_MspInit)
    HAL_TIM_PWM_ConfigChannel                0x080020f5   Thumb Code   198  stm32f4xx_hal_tim.o(i.HAL_TIM_PWM_ConfigChannel)
    HAL_TIM_PWM_Init                         0x080021bb   Thumb Code    90  stm32f4xx_hal_tim.o(i.HAL_TIM_PWM_Init)
    HAL_TIM_PWM_MspInit                      0x08002215   Thumb Code     2  stm32f4xx_hal_tim.o(i.HAL_TIM_PWM_MspInit)
    HAL_TIM_PWM_PulseFinishedCallback        0x08002217   Thumb Code     2  stm32f4xx_hal_tim.o(i.HAL_TIM_PWM_PulseFinishedCallback)
    HAL_TIM_PWM_PulseFinishedHalfCpltCallback 0x08002219   Thumb Code     2  stm32f4xx_hal_tim.o(i.HAL_TIM_PWM_PulseFinishedHalfCpltCallback)
    HAL_TIM_PWM_Start                        0x0800221d   Thumb Code   156  stm32f4xx_hal_tim.o(i.HAL_TIM_PWM_Start)
    HAL_TIM_PWM_Start_DMA                    0x080022cd   Thumb Code   374  stm32f4xx_hal_tim.o(i.HAL_TIM_PWM_Start_DMA)
    MX_DMA_Init                              0x0800270d   Thumb Code    40  dma.o(i.MX_DMA_Init)
    MX_GPIO_Init                             0x08002739   Thumb Code    54  gpio.o(i.MX_GPIO_Init)
    MX_I2C2_Init                             0x08002775   Thumb Code    50  i2c.o(i.MX_I2C2_Init)
    MX_TIM1_Init                             0x080027b5   Thumb Code   220  tim.o(i.MX_TIM1_Init)
    MX_TIM2_Init                             0x08002899   Thumb Code   162  tim.o(i.MX_TIM2_Init)
    MX_USB_DEVICE_Init                       0x08002941   Thumb Code    66  usb_device.o(i.MX_USB_DEVICE_Init)
    MemManage_Handler                        0x08002995   Thumb Code     2  stm32f4xx_it.o(i.MemManage_Handler)
    NMI_Handler                              0x08002997   Thumb Code     2  stm32f4xx_it.o(i.NMI_Handler)
    OLED_Clear                               0x08002999   Thumb Code    52  oled.o(i.OLED_Clear)
    OLED_Init                                0x080029cd   Thumb Code    16  oled.o(i.OLED_Init)
    OLED_Set_Pos                             0x080029dd   Thumb Code    34  oled.o(i.OLED_Set_Pos)
    OLED_ShowCHinese                         0x08002a01   Thumb Code    70  oled.o(i.OLED_ShowCHinese)
    OLED_ShowChar                            0x08002a4d   Thumb Code   126  oled.o(i.OLED_ShowChar)
    OLED_ShowNum                             0x08002ad5   Thumb Code   106  oled.o(i.OLED_ShowNum)
    OLED_ShowString                          0x08002b3f   Thumb Code    54  oled.o(i.OLED_ShowString)
    OLED_WR_CMD                              0x08002b75   Thumb Code    32  oled.o(i.OLED_WR_CMD)
    OLED_WR_DATA                             0x08002b99   Thumb Code    32  oled.o(i.OLED_WR_DATA)
    OTG_FS_IRQHandler                        0x08002bbd   Thumb Code    20  stm32f4xx_it.o(i.OTG_FS_IRQHandler)
    PID_X                                    0x08002d45   Thumb Code    72  user_code.o(i.PID_X)
    PID_Y                                    0x08002d95   Thumb Code    72  user_code.o(i.PID_Y)
    SVC_Handler                              0x08002de5   Thumb Code     2  stm32f4xx_it.o(i.SVC_Handler)
    SysTick_Handler                          0x08002df1   Thumb Code    22  stm32f4xx_it.o(i.SysTick_Handler)
    SystemClock_Config                       0x08002e09   Thumb Code   120  main.o(i.SystemClock_Config)
    SystemInit                               0x08002e89   Thumb Code    22  system_stm32f4xx.o(i.SystemInit)
    TIM_Base_SetConfig                       0x08002ea5   Thumb Code   122  stm32f4xx_hal_tim.o(i.TIM_Base_SetConfig)
    TIM_CCxChannelCmd                        0x08002f3d   Thumb Code    26  stm32f4xx_hal_tim.o(i.TIM_CCxChannelCmd)
    TIM_DMADelayPulseHalfCplt                0x08002fb5   Thumb Code    56  stm32f4xx_hal_tim.o(i.TIM_DMADelayPulseHalfCplt)
    TIM_DMAError                             0x08002fed   Thumb Code    84  stm32f4xx_hal_tim.o(i.TIM_DMAError)
    TIM_ETR_SetConfig                        0x08003041   Thumb Code    20  stm32f4xx_hal_tim.o(i.TIM_ETR_SetConfig)
    TIM_OC2_SetConfig                        0x080030b5   Thumb Code    84  stm32f4xx_hal_tim.o(i.TIM_OC2_SetConfig)
    USBD_CDC_GetDeviceQualifierDescriptor    0x080032f1   Thumb Code     8  usbd_cdc.o(i.USBD_CDC_GetDeviceQualifierDescriptor)
    USBD_CDC_ReceivePacket                   0x080033c3   Thumb Code    40  usbd_cdc.o(i.USBD_CDC_ReceivePacket)
    USBD_CDC_RegisterInterface               0x080033eb   Thumb Code    14  usbd_cdc.o(i.USBD_CDC_RegisterInterface)
    USBD_CDC_SetRxBuffer                     0x080033f9   Thumb Code    18  usbd_cdc.o(i.USBD_CDC_SetRxBuffer)
    USBD_CDC_SetTxBuffer                     0x0800340b   Thumb Code    22  usbd_cdc.o(i.USBD_CDC_SetTxBuffer)
    USBD_ClrClassConfig                      0x080034df   Thumb Code    16  usbd_core.o(i.USBD_ClrClassConfig)
    USBD_CtlContinueRx                       0x080034ef   Thumb Code    16  usbd_ioreq.o(i.USBD_CtlContinueRx)
    USBD_CtlContinueSendData                 0x080034ff   Thumb Code    16  usbd_ioreq.o(i.USBD_CtlContinueSendData)
    USBD_CtlError                            0x0800350f   Thumb Code    22  usbd_ctlreq.o(i.USBD_CtlError)
    USBD_CtlPrepareRx                        0x08003525   Thumb Code    30  usbd_ioreq.o(i.USBD_CtlPrepareRx)
    USBD_CtlReceiveStatus                    0x08003543   Thumb Code    22  usbd_ioreq.o(i.USBD_CtlReceiveStatus)
    USBD_CtlSendData                         0x08003559   Thumb Code    26  usbd_ioreq.o(i.USBD_CtlSendData)
    USBD_CtlSendStatus                       0x08003573   Thumb Code    22  usbd_ioreq.o(i.USBD_CtlSendStatus)
    USBD_FS_ConfigStrDescriptor              0x08003589   Thumb Code    16  usbd_desc.o(i.USBD_FS_ConfigStrDescriptor)
    USBD_FS_DeviceDescriptor                 0x080035a9   Thumb Code     8  usbd_desc.o(i.USBD_FS_DeviceDescriptor)
    USBD_FS_InterfaceStrDescriptor           0x080035b5   Thumb Code    16  usbd_desc.o(i.USBD_FS_InterfaceStrDescriptor)
    USBD_FS_LangIDStrDescriptor              0x080035d9   Thumb Code     8  usbd_desc.o(i.USBD_FS_LangIDStrDescriptor)
    USBD_FS_ManufacturerStrDescriptor        0x080035e5   Thumb Code    16  usbd_desc.o(i.USBD_FS_ManufacturerStrDescriptor)
    USBD_FS_ProductStrDescriptor             0x0800360d   Thumb Code    16  usbd_desc.o(i.USBD_FS_ProductStrDescriptor)
    USBD_FS_SerialStrDescriptor              0x08003639   Thumb Code    48  usbd_desc.o(i.USBD_FS_SerialStrDescriptor)
    USBD_GetString                           0x08003757   Thumb Code    72  usbd_ctlreq.o(i.USBD_GetString)
    USBD_Get_USB_Status                      0x0800379f   Thumb Code    24  usbd_conf.o(i.USBD_Get_USB_Status)
    USBD_Init                                0x080037b7   Thumb Code    38  usbd_core.o(i.USBD_Init)
    USBD_LL_ClearStallEP                     0x080037dd   Thumb Code    18  usbd_conf.o(i.USBD_LL_ClearStallEP)
    USBD_LL_CloseEP                          0x080037ef   Thumb Code    18  usbd_conf.o(i.USBD_LL_CloseEP)
    USBD_LL_DataInStage                      0x08003801   Thumb Code   168  usbd_core.o(i.USBD_LL_DataInStage)
    USBD_LL_DataOutStage                     0x080038a9   Thumb Code   108  usbd_core.o(i.USBD_LL_DataOutStage)
    USBD_LL_DevConnected                     0x08003915   Thumb Code     4  usbd_core.o(i.USBD_LL_DevConnected)
    USBD_LL_DevDisconnected                  0x08003919   Thumb Code    24  usbd_core.o(i.USBD_LL_DevDisconnected)
    USBD_LL_GetRxDataSize                    0x08003931   Thumb Code     8  usbd_conf.o(i.USBD_LL_GetRxDataSize)
    USBD_LL_Init                             0x08003939   Thumb Code    90  usbd_conf.o(i.USBD_LL_Init)
    USBD_LL_IsStallEP                        0x08003999   Thumb Code    32  usbd_conf.o(i.USBD_LL_IsStallEP)
    USBD_LL_IsoINIncomplete                  0x080039b9   Thumb Code    32  usbd_core.o(i.USBD_LL_IsoINIncomplete)
    USBD_LL_IsoOUTIncomplete                 0x080039d9   Thumb Code    32  usbd_core.o(i.USBD_LL_IsoOUTIncomplete)
    USBD_LL_OpenEP                           0x080039f9   Thumb Code    24  usbd_conf.o(i.USBD_LL_OpenEP)
    USBD_LL_PrepareReceive                   0x08003a11   Thumb Code    18  usbd_conf.o(i.USBD_LL_PrepareReceive)
    USBD_LL_Reset                            0x08003a23   Thumb Code    90  usbd_core.o(i.USBD_LL_Reset)
    USBD_LL_Resume                           0x08003a7d   Thumb Code    20  usbd_core.o(i.USBD_LL_Resume)
    USBD_LL_SOF                              0x08003a91   Thumb Code    32  usbd_core.o(i.USBD_LL_SOF)
    USBD_LL_SetSpeed                         0x08003ab1   Thumb Code     6  usbd_core.o(i.USBD_LL_SetSpeed)
    USBD_LL_SetUSBAddress                    0x08003ab7   Thumb Code    18  usbd_conf.o(i.USBD_LL_SetUSBAddress)
    USBD_LL_SetupStage                       0x08003ac9   Thumb Code    96  usbd_core.o(i.USBD_LL_SetupStage)
    USBD_LL_StallEP                          0x08003b29   Thumb Code    18  usbd_conf.o(i.USBD_LL_StallEP)
    USBD_LL_Start                            0x08003b3b   Thumb Code    18  usbd_conf.o(i.USBD_LL_Start)
    USBD_LL_Suspend                          0x08003b4d   Thumb Code    18  usbd_core.o(i.USBD_LL_Suspend)
    USBD_LL_Transmit                         0x08003b5f   Thumb Code    18  usbd_conf.o(i.USBD_LL_Transmit)
    USBD_ParseSetupRequest                   0x08003b71   Thumb Code    44  usbd_ctlreq.o(i.USBD_ParseSetupRequest)
    USBD_RegisterClass                       0x08003b9d   Thumb Code    36  usbd_core.o(i.USBD_RegisterClass)
    USBD_SetClassConfig                      0x08003bc1   Thumb Code    20  usbd_core.o(i.USBD_SetClassConfig)
    USBD_Start                               0x08003c91   Thumb Code     4  usbd_core.o(i.USBD_Start)
    USBD_StdDevReq                           0x08003c95   Thumb Code   276  usbd_ctlreq.o(i.USBD_StdDevReq)
    USBD_StdEPReq                            0x08003da9   Thumb Code   320  usbd_ctlreq.o(i.USBD_StdEPReq)
    USBD_StdItfReq                           0x08003ee9   Thumb Code    82  usbd_ctlreq.o(i.USBD_StdItfReq)
    USBD_static_free                         0x08003f3b   Thumb Code     2  usbd_conf.o(i.USBD_static_free)
    USBD_static_malloc                       0x08003f3d   Thumb Code     4  usbd_conf.o(i.USBD_static_malloc)
    USB_ActivateEndpoint                     0x08003f45   Thumb Code   122  stm32f4xx_ll_usb.o(i.USB_ActivateEndpoint)
    USB_ActivateSetup                        0x08003fc5   Thumb Code    28  stm32f4xx_ll_usb.o(i.USB_ActivateSetup)
    USB_CoreInit                             0x08003fe1   Thumb Code   112  stm32f4xx_ll_usb.o(i.USB_CoreInit)
    USB_DeactivateEndpoint                   0x0800408d   Thumb Code   194  stm32f4xx_ll_usb.o(i.USB_DeactivateEndpoint)
    USB_DevConnect                           0x08004159   Thumb Code    28  stm32f4xx_ll_usb.o(i.USB_DevConnect)
    USB_DevDisconnect                        0x08004175   Thumb Code    28  stm32f4xx_ll_usb.o(i.USB_DevDisconnect)
    USB_DevInit                              0x08004191   Thumb Code   362  stm32f4xx_ll_usb.o(i.USB_DevInit)
    USB_DisableGlobalInt                     0x08004305   Thumb Code    12  stm32f4xx_ll_usb.o(i.USB_DisableGlobalInt)
    USB_EP0StartXfer                         0x08004311   Thumb Code   276  stm32f4xx_ll_usb.o(i.USB_EP0StartXfer)
    USB_EP0_OutStart                         0x08004429   Thumb Code    84  stm32f4xx_ll_usb.o(i.USB_EP0_OutStart)
    USB_EPClearStall                         0x08004481   Thumb Code    88  stm32f4xx_ll_usb.o(i.USB_EPClearStall)
    USB_EPSetStall                           0x080044d9   Thumb Code    88  stm32f4xx_ll_usb.o(i.USB_EPSetStall)
    USB_EPStartXfer                          0x08004531   Thumb Code   482  stm32f4xx_ll_usb.o(i.USB_EPStartXfer)
    USB_EnableGlobalInt                      0x08004719   Thumb Code    12  stm32f4xx_ll_usb.o(i.USB_EnableGlobalInt)
    USB_FlushRxFifo                          0x08004725   Thumb Code    28  stm32f4xx_ll_usb.o(i.USB_FlushRxFifo)
    USB_FlushTxFifo                          0x08004745   Thumb Code    32  stm32f4xx_ll_usb.o(i.USB_FlushTxFifo)
    USB_GetDevSpeed                          0x08004769   Thumb Code    26  stm32f4xx_ll_usb.o(i.USB_GetDevSpeed)
    USB_GetMode                              0x08004783   Thumb Code     8  stm32f4xx_ll_usb.o(i.USB_GetMode)
    USB_ReadDevAllInEpInterrupt              0x0800478b   Thumb Code    14  stm32f4xx_ll_usb.o(i.USB_ReadDevAllInEpInterrupt)
    USB_ReadDevAllOutEpInterrupt             0x08004799   Thumb Code    14  stm32f4xx_ll_usb.o(i.USB_ReadDevAllOutEpInterrupt)
    USB_ReadDevInEPInterrupt                 0x080047a7   Thumb Code    36  stm32f4xx_ll_usb.o(i.USB_ReadDevInEPInterrupt)
    USB_ReadDevOutEPInterrupt                0x080047cb   Thumb Code    16  stm32f4xx_ll_usb.o(i.USB_ReadDevOutEPInterrupt)
    USB_ReadInterrupts                       0x080047db   Thumb Code     8  stm32f4xx_ll_usb.o(i.USB_ReadInterrupts)
    USB_ReadPacket                           0x080047e3   Thumb Code    28  stm32f4xx_ll_usb.o(i.USB_ReadPacket)
    USB_SetCurrentMode                       0x080047ff   Thumb Code    46  stm32f4xx_ll_usb.o(i.USB_SetCurrentMode)
    USB_SetDevAddress                        0x0800482d   Thumb Code    34  stm32f4xx_ll_usb.o(i.USB_SetDevAddress)
    USB_SetTurnaroundTime                    0x08004851   Thumb Code   158  stm32f4xx_ll_usb.o(i.USB_SetTurnaroundTime)
    USB_WritePacket                          0x08004939   Thumb Code    36  stm32f4xx_ll_usb.o(i.USB_WritePacket)
    UsageFault_Handler                       0x0800495d   Thumb Code     2  stm32f4xx_it.o(i.UsageFault_Handler)
    WS2812                                   0x08004961   Thumb Code   144  user_code.o(i.WS2812)
    WriteCmd                                 0x080049f9   Thumb Code    42  oled.o(i.WriteCmd)
    __rt_ffs                                 0x08004a4d   Thumb Code    64  kservice.o(i.__rt_ffs)
    __scatterload_copy                       0x08004a91   Thumb Code    14  handlers.o(i.__scatterload_copy)
    __scatterload_null                       0x08004a9f   Thumb Code     2  handlers.o(i.__scatterload_null)
    __scatterload_zeroinit                   0x08004aa1   Thumb Code    14  handlers.o(i.__scatterload_zeroinit)
    fill_pwm_data                            0x08004c81   Thumb Code   142  user_code.o(i.fill_pwm_data)
    main                                     0x08004d19   Thumb Code    60  main.o(i.main)
    oled                                     0x08004d59   Thumb Code   102  user_code.o(i.oled)
    oled_pow                                 0x08004dcd   Thumb Code    16  oled.o(i.oled_pow)
    rt_assert_handler                        0x08004ff5   Thumb Code    46  kservice.o(i.rt_assert_handler)
    rt_device_write                          0x08005061   Thumb Code    96  device.o(i.rt_device_write)
    rt_enter_critical                        0x08005111   Thumb Code    22  scheduler.o(i.rt_enter_critical)
    rt_exit_critical                         0x0800512d   Thumb Code    52  scheduler.o(i.rt_exit_critical)
    rt_free                                  0x08005165   Thumb Code   230  mem.o(i.rt_free)
    rt_hw_console_output                     0x0800532d   Thumb Code     2  kservice.o(i.rt_hw_console_output)
    rt_hw_hard_fault_exception               0x08005331   Thumb Code   190  cpuport.o(i.rt_hw_hard_fault_exception)
    rt_hw_stack_init                         0x08005541   Thumb Code    54  cpuport.o(i.rt_hw_stack_init)
    rt_interrupt_enter                       0x0800557d   Thumb Code    32  irq.o(i.rt_interrupt_enter)
    rt_interrupt_get_nest                    0x080055a1   Thumb Code    18  irq.o(i.rt_interrupt_get_nest)
    rt_interrupt_leave                       0x080055b9   Thumb Code    32  irq.o(i.rt_interrupt_leave)
    rt_kprintf                               0x08005641   Thumb Code    64  kservice.o(i.rt_kprintf)
    rt_malloc                                0x080056f9   Thumb Code   354  mem.o(i.rt_malloc)
    rt_memset                                0x080058f5   Thumb Code    70  kservice.o(i.rt_memset)
    rt_object_allocate                       0x0800593d   Thumb Code   144  object.o(i.rt_object_allocate)
    rt_object_delete                         0x08005a19   Thumb Code    80  object.o(i.rt_object_delete)
    rt_object_detach                         0x08005ab1   Thumb Code    56  object.o(i.rt_object_detach)
    rt_object_get_information                0x08005b05   Thumb Code    30  object.o(i.rt_object_get_information)
    rt_object_get_type                       0x08005b29   Thumb Code    26  object.o(i.rt_object_get_type)
    rt_object_init                           0x08005b5d   Thumb Code   130  object.o(i.rt_object_init)
    rt_object_is_systemobject                0x08005c11   Thumb Code    32  object.o(i.rt_object_is_systemobject)
    rt_schedule                              0x08005c49   Thumb Code   194  scheduler.o(i.rt_schedule)
    rt_schedule_insert_thread                0x08005d15   Thumb Code   104  scheduler.o(i.rt_schedule_insert_thread)
    rt_schedule_remove_thread                0x08005d9d   Thumb Code    78  scheduler.o(i.rt_schedule_remove_thread)
    rt_sem_create                            0x08005e0d   Thumb Code    94  ipc.o(i.rt_sem_create)
    rt_sem_init                              0x08005eb1   Thumb Code    68  ipc.o(i.rt_sem_init)
    rt_sem_release                           0x08005f1d   Thumb Code   118  ipc.o(i.rt_sem_release)
    rt_sem_take                              0x08005fb1   Thumb Code   248  ipc.o(i.rt_sem_take)
    rt_set_errno                             0x0800612d   Thumb Code    26  kservice.o(i.rt_set_errno)
    rt_sprintf                               0x0800614d   Thumb Code    18  kservice.o(i.rt_sprintf)
    rt_strlen                                0x0800615f   Thumb Code    16  kservice.o(i.rt_strlen)
    rt_strncpy                               0x0800616f   Thumb Code    38  kservice.o(i.rt_strncpy)
    rt_system_heap_init                      0x08006195   Thumb Code   140  mem.o(i.rt_system_heap_init)
    rt_system_scheduler_init                 0x0800629d   Thumb Code    38  scheduler.o(i.rt_system_scheduler_init)
    rt_system_scheduler_start                0x080062cd   Thumb Code    36  scheduler.o(i.rt_system_scheduler_start)
    rt_system_timer_init                     0x080062f5   Thumb Code     8  timer.o(i.rt_system_timer_init)
    rt_thread_create                         0x08006301   Thumb Code    72  thread.o(i.rt_thread_create)
    rt_thread_delay                          0x08006349   Thumb Code     4  thread.o(i.rt_thread_delay)
    rt_thread_exit                           0x0800634d   Thumb Code    78  thread.o(i.rt_thread_exit)
    rt_thread_idle_excute                    0x080063c1   Thumb Code   150  idle.o(i.rt_thread_idle_excute)
    rt_thread_idle_init                      0x0800648d   Thumb Code    52  idle.o(i.rt_thread_idle_init)
    rt_thread_init                           0x080064d1   Thumb Code    80  thread.o(i.rt_thread_init)
    rt_thread_resume                         0x08006551   Thumb Code   106  thread.o(i.rt_thread_resume)
    rt_thread_self                           0x080065dd   Thumb Code     6  thread.o(i.rt_thread_self)
    rt_thread_sleep                          0x080065e9   Thumb Code    96  thread.o(i.rt_thread_sleep)
    rt_thread_startup                        0x08006669   Thumb Code   100  thread.o(i.rt_thread_startup)
    rt_thread_suspend                        0x08006725   Thumb Code   140  thread.o(i.rt_thread_suspend)
    rt_thread_timeout                        0x080067f1   Thumb Code    92  thread.o(i.rt_thread_timeout)
    rt_tick_get                              0x080068a5   Thumb Code     6  clock.o(i.rt_tick_get)
    rt_tick_increase                         0x080068b1   Thumb Code    48  clock.o(i.rt_tick_increase)
    rt_timer_check                           0x080068e5   Thumb Code   158  timer.o(i.rt_timer_check)
    rt_timer_control                         0x08006989   Thumb Code   108  timer.o(i.rt_timer_control)
    rt_timer_detach                          0x08006a49   Thumb Code    90  timer.o(i.rt_timer_detach)
    rt_timer_init                            0x08006b25   Thumb Code    56  timer.o(i.rt_timer_init)
    rt_timer_start                           0x08006b75   Thumb Code   190  timer.o(i.rt_timer_start)
    rt_timer_stop                            0x08006cb5   Thumb Code    92  timer.o(i.rt_timer_stop)
    rt_vsnprintf                             0x08006d69   Thumb Code   626  kservice.o(i.rt_vsnprintf)
    rt_vsprintf                              0x08006fe5   Thumb Code    12  kservice.o(i.rt_vsprintf)
    usb_receive                              0x08007019   Thumb Code    44  user_code.o(i.usb_receive)
    user_code                                0x0800704d   Thumb Code   104  user_code.o(i.user_code)
    user_code_init                           0x080070e5   Thumb Code    78  user_code.o(i.user_code_init)
    __lowest_bit_bitmap                      0x0800742b   Data         256  kservice.o(.constdata)
    AHBPrescTable                            0x0800778a   Data          16  system_stm32f4xx.o(.constdata)
    APBPrescTable                            0x0800779a   Data           8  system_stm32f4xx.o(.constdata)
    F6x8                                     0x080077a2   Data         552  oled.o(.constdata)
    F8X16                                    0x080079ca   Data        1504  oled.o(.constdata)
    Hzk                                      0x08007faa   Data         448  oled.o(.constdata)
    Region$$Table$$Base                      0x080082e4   Number         0  anon$$obj.o(Region$$Table)
    Region$$Table$$Limit                     0x08008304   Number         0  anon$$obj.o(Region$$Table)
    rt_interrupt_from_thread                 0x20000008   Data           4  cpuport.o(.data)
    rt_interrupt_to_thread                   0x2000000c   Data           4  cpuport.o(.data)
    rt_thread_switch_interrupt_flag          0x20000010   Data           4  cpuport.o(.data)
    rt_interrupt_nest                        0x20000014   Data           1  irq.o(.data)
    rt_assert_hook                           0x20000028   Data           4  kservice.o(.data)
    rt_object_trytake_hook                   0x20000054   Data           4  object.o(.data)
    rt_object_take_hook                      0x20000058   Data           4  object.o(.data)
    rt_object_put_hook                       0x2000005c   Data           4  object.o(.data)
    rt_current_priority                      0x200000f0   Data           1  scheduler.o(.data)
    rt_thread_ready_priority_group           0x200000f4   Data           4  scheduler.o(.data)
    rt_current_thread                        0x200000f8   Data           4  scheduler.o(.data)
    rt_thread_defunct                        0x20000100   Data           8  scheduler.o(.data)
    uwTickFreq                               0x20000128   Data           1  stm32f4xx_hal.o(.data)
    uwTickPrio                               0x2000012c   Data           4  stm32f4xx_hal.o(.data)
    uwTick                                   0x20000130   Data           4  stm32f4xx_hal.o(.data)
    SystemCoreClock                          0x20000134   Data           4  system_stm32f4xx.o(.data)
    CMD_Data                                 0x20000140   Data          27  oled.o(.data)
    FS_Desc                                  0x2000015c   Data          28  usbd_desc.o(.data)
    USBD_LangIDDesc                          0x20000178   Data           4  usbd_desc.o(.data)
    USBD_FS_DeviceDesc                       0x2000017c   Data          18  usbd_desc.o(.data)
    USBD_StringSerial                        0x20000190   Data          26  usbd_desc.o(.data)
    USBD_Interface_fops_FS                   0x200001ac   Data          20  usbd_cdc_if.o(.data)
    USBD_CDC                                 0x2000029c   Data          56  usbd_cdc.o(.data)
    rt_thread_priority_table                 0x20000808   Data         256  scheduler.o(.bss)
    hi2c2                                    0x20008908   Data          84  i2c.o(.bss)
    htim1                                    0x2000895c   Data          72  tim.o(.bss)
    htim2                                    0x200089a4   Data          72  tim.o(.bss)
    hdma_tim1_ch3                            0x200089ec   Data          96  tim.o(.bss)
    data                                     0x20008a4c   Data          12  user_code.o(.bss)
    pid_data_x                               0x20008a58   Data          12  user_code.o(.bss)
    pid_data_y                               0x20008a64   Data          12  user_code.o(.bss)
    pwmdatas                                 0x20008a70   Data         580  user_code.o(.bss)
    hUsbDeviceFS                             0x20008cb4   Data         720  usb_device.o(.bss)
    USBD_StrDesc                             0x20008f84   Data         512  usbd_desc.o(.bss)
    UserRxBufferFS                           0x20009184   Data        2048  usbd_cdc_if.o(.bss)
    UserTxBufferFS                           0x20009984   Data        2048  usbd_cdc_if.o(.bss)
    hpcd_USB_OTG_FS                          0x2000a3a4   Data        1032  usbd_conf.o(.bss)
    __initial_sp                             0x2000c7b0   Data           0  startup_stm32f411xe.o(STACK)



==============================================================================

Memory Map of the image

  Image Entry point : 0x08000199

  Load Region LR_IROM1 (Base: 0x08000000, Size: 0x000085d8, Max: 0x00080000, ABSOLUTE, COMPRESSED[0x00008438])

    Execution Region ER_IROM1 (Exec base: 0x08000000, Load base: 0x08000000, Size: 0x00008304, Max: 0x00080000, ABSOLUTE)

    Exec Addr    Load Addr    Size         Type   Attr      Idx    E Section Name        Object

    0x08000000   0x08000000   0x00000198   Data   RO            3    RESET               startup_stm32f411xe.o
    0x08000198   0x08000198   0x00000000   Code   RO         6078  * .ARM.Collect$$$$00000000  mc_w.l(entry.o)
    0x08000198   0x08000198   0x00000004   Code   RO         6117    .ARM.Collect$$$$00000001  mc_w.l(entry2.o)
    0x0800019c   0x0800019c   0x00000004   Code   RO         6120    .ARM.Collect$$$$00000004  mc_w.l(entry5.o)
    0x080001a0   0x080001a0   0x00000000   Code   RO         6122    .ARM.Collect$$$$00000008  mc_w.l(entry7b.o)
    0x080001a0   0x080001a0   0x00000000   Code   RO         6124    .ARM.Collect$$$$0000000A  mc_w.l(entry8b.o)
    0x080001a0   0x080001a0   0x00000008   Code   RO         6125    .ARM.Collect$$$$0000000B  mc_w.l(entry9a.o)
    0x080001a8   0x080001a8   0x00000004   Code   RO         6132    .ARM.Collect$$$$0000000E  mc_w.l(entry12b.o)
    0x080001ac   0x080001ac   0x00000000   Code   RO         6127    .ARM.Collect$$$$0000000F  mc_w.l(entry10a.o)
    0x080001ac   0x080001ac   0x00000000   Code   RO         6129    .ARM.Collect$$$$00000011  mc_w.l(entry11a.o)
    0x080001ac   0x080001ac   0x00000004   Code   RO         6118    .ARM.Collect$$$$00002712  mc_w.l(entry2.o)
    0x080001b0   0x080001b0   0x00000024   Code   RO            4    .text               startup_stm32f411xe.o
    0x080001d4   0x080001d4   0x00000134   Code   RO         1428    .text               context_rvds.o
    0x08000308   0x08000308   0x00000062   Code   RO         6081    .text               mc_w.l(uldiv.o)
    0x0800036a   0x0800036a   0x00000024   Code   RO         6083    .text               mc_w.l(memcpya.o)
    0x0800038e   0x0800038e   0x00000024   Code   RO         6085    .text               mc_w.l(memseta.o)
    0x080003b2   0x080003b2   0x0000001e   Code   RO         6138    .text               mc_w.l(llshl.o)
    0x080003d0   0x080003d0   0x00000020   Code   RO         6140    .text               mc_w.l(llushr.o)
    0x080003f0   0x080003f0   0x00000024   Code   RO         6153    .text               mc_w.l(init.o)
    0x08000414   0x08000414   0x00000056   Code   RO         6169    .text               mc_w.l(__dczerorl2.o)
    0x0800046a   0x0800046a   0x00000002   Code   RO         1764    i.BusFault_Handler  stm32f4xx_it.o
    0x0800046c   0x0800046c   0x00000004   Code   RO         5431    i.CDC_Control_FS    usbd_cdc_if.o
    0x08000470   0x08000470   0x00000004   Code   RO         5432    i.CDC_DeInit_FS     usbd_cdc_if.o
    0x08000474   0x08000474   0x00000024   Code   RO         5433    i.CDC_Init_FS       usbd_cdc_if.o
    0x08000498   0x08000498   0x00000020   Code   RO         5434    i.CDC_Receive_FS    usbd_cdc_if.o
    0x080004b8   0x080004b8   0x00000004   Code   RO         5435    i.CDC_TransmitCplt_FS  usbd_cdc_if.o
    0x080004bc   0x080004bc   0x00000018   Code   RO         1765    i.DMA2_Stream6_IRQHandler  stm32f4xx_it.o
    0x080004d4   0x080004d4   0x00000028   Code   RO         2943    i.DMA_CalcBaseAndBitshift  stm32f4xx_hal_dma.o
    0x080004fc   0x080004fc   0x00000054   Code   RO         2944    i.DMA_CheckFifoParam  stm32f4xx_hal_dma.o
    0x08000550   0x08000550   0x00000028   Code   RO         2945    i.DMA_SetConfig     stm32f4xx_hal_dma.o
    0x08000578   0x08000578   0x00000002   Code   RO         1766    i.DebugMon_Handler  stm32f4xx_it.o
    0x0800057a   0x0800057a   0x00000002   Code   RO         1435    i.Error_Handler     main.o
    0x0800057c   0x0800057c   0x000001a0   Code   RO         2951    i.HAL_DMA_IRQHandler  stm32f4xx_hal_dma.o
    0x0800071c   0x0800071c   0x000000d4   Code   RO         2952    i.HAL_DMA_Init      stm32f4xx_hal_dma.o
    0x080007f0   0x080007f0   0x0000006e   Code   RO         2956    i.HAL_DMA_Start_IT  stm32f4xx_hal_dma.o
    0x0800085e   0x0800085e   0x00000002   PAD
    0x08000860   0x08000860   0x00000024   Code   RO         3389    i.HAL_Delay         stm32f4xx_hal.o
    0x08000884   0x08000884   0x000001dc   Code   RO         2839    i.HAL_GPIO_Init     stm32f4xx_hal_gpio.o
    0x08000a60   0x08000a60   0x0000000c   Code   RO         3395    i.HAL_GetTick       stm32f4xx_hal.o
    0x08000a6c   0x08000a6c   0x00000188   Code   RO         3651    i.HAL_I2C_Init      stm32f4xx_hal_i2c.o
    0x08000bf4   0x08000bf4   0x00000130   Code   RO         3672    i.HAL_I2C_Mem_Write  stm32f4xx_hal_i2c.o
    0x08000d24   0x08000d24   0x0000007c   Code   RO         1669    i.HAL_I2C_MspInit   i2c.o
    0x08000da0   0x08000da0   0x00000010   Code   RO         3401    i.HAL_IncTick       stm32f4xx_hal.o
    0x08000db0   0x08000db0   0x00000034   Code   RO         3402    i.HAL_Init          stm32f4xx_hal.o
    0x08000de4   0x08000de4   0x00000040   Code   RO         3403    i.HAL_InitTick      stm32f4xx_hal.o
    0x08000e24   0x08000e24   0x00000030   Code   RO         1840    i.HAL_MspInit       stm32f4xx_hal_msp.o
    0x08000e54   0x08000e54   0x0000001a   Code   RO         3252    i.HAL_NVIC_EnableIRQ  stm32f4xx_hal_cortex.o
    0x08000e6e   0x08000e6e   0x00000002   PAD
    0x08000e70   0x08000e70   0x00000040   Code   RO         3258    i.HAL_NVIC_SetPriority  stm32f4xx_hal_cortex.o
    0x08000eb0   0x08000eb0   0x00000024   Code   RO         3259    i.HAL_NVIC_SetPriorityGrouping  stm32f4xx_hal_cortex.o
    0x08000ed4   0x08000ed4   0x00000002   Code   RO         2091    i.HAL_PCDEx_LPM_Callback  stm32f4xx_hal_pcd_ex.o
    0x08000ed6   0x08000ed6   0x00000008   Code   RO         2092    i.HAL_PCDEx_SetRxFiFo  stm32f4xx_hal_pcd_ex.o
    0x08000ede   0x08000ede   0x00000044   Code   RO         2093    i.HAL_PCDEx_SetTxFiFo  stm32f4xx_hal_pcd_ex.o
    0x08000f22   0x08000f22   0x00000008   Code   RO         5497    i.HAL_PCD_ConnectCallback  usbd_conf.o
    0x08000f2a   0x08000f2a   0x00000012   Code   RO         5498    i.HAL_PCD_DataInStageCallback  usbd_conf.o
    0x08000f3c   0x08000f3c   0x00000014   Code   RO         5499    i.HAL_PCD_DataOutStageCallback  usbd_conf.o
    0x08000f50   0x08000f50   0x00000008   Code   RO         5500    i.HAL_PCD_DisconnectCallback  usbd_conf.o
    0x08000f58   0x08000f58   0x0000004c   Code   RO         1873    i.HAL_PCD_EP_Close  stm32f4xx_hal_pcd.o
    0x08000fa4   0x08000fa4   0x0000005c   Code   RO         1874    i.HAL_PCD_EP_ClrStall  stm32f4xx_hal_pcd.o
    0x08001000   0x08001000   0x00000012   Code   RO         1876    i.HAL_PCD_EP_GetRxCount  stm32f4xx_hal_pcd.o
    0x08001012   0x08001012   0x00000060   Code   RO         1877    i.HAL_PCD_EP_Open   stm32f4xx_hal_pcd.o
    0x08001072   0x08001072   0x00000048   Code   RO         1878    i.HAL_PCD_EP_Receive  stm32f4xx_hal_pcd.o
    0x080010ba   0x080010ba   0x00000074   Code   RO         1879    i.HAL_PCD_EP_SetStall  stm32f4xx_hal_pcd.o
    0x0800112e   0x0800112e   0x00000040   Code   RO         1880    i.HAL_PCD_EP_Transmit  stm32f4xx_hal_pcd.o
    0x0800116e   0x0800116e   0x00000002   PAD
    0x08001170   0x08001170   0x00000434   Code   RO         1882    i.HAL_PCD_IRQHandler  stm32f4xx_hal_pcd.o
    0x080015a4   0x080015a4   0x00000008   Code   RO         5501    i.HAL_PCD_ISOINIncompleteCallback  usbd_conf.o
    0x080015ac   0x080015ac   0x00000008   Code   RO         5502    i.HAL_PCD_ISOOUTIncompleteCallback  usbd_conf.o
    0x080015b4   0x080015b4   0x000000e2   Code   RO         1885    i.HAL_PCD_Init      stm32f4xx_hal_pcd.o
    0x08001696   0x08001696   0x00000002   PAD
    0x08001698   0x08001698   0x00000084   Code   RO         5504    i.HAL_PCD_MspInit   usbd_conf.o
    0x0800171c   0x0800171c   0x00000026   Code   RO         5505    i.HAL_PCD_ResetCallback  usbd_conf.o
    0x08001742   0x08001742   0x00000008   Code   RO         5506    i.HAL_PCD_ResumeCallback  usbd_conf.o
    0x0800174a   0x0800174a   0x00000008   Code   RO         5507    i.HAL_PCD_SOFCallback  usbd_conf.o
    0x08001752   0x08001752   0x00000028   Code   RO         1891    i.HAL_PCD_SetAddress  stm32f4xx_hal_pcd.o
    0x0800177a   0x0800177a   0x0000000e   Code   RO         5508    i.HAL_PCD_SetupStageCallback  usbd_conf.o
    0x08001788   0x08001788   0x00000042   Code   RO         1893    i.HAL_PCD_Start     stm32f4xx_hal_pcd.o
    0x080017ca   0x080017ca   0x00000002   PAD
    0x080017cc   0x080017cc   0x00000030   Code   RO         5509    i.HAL_PCD_SuspendCallback  usbd_conf.o
    0x080017fc   0x080017fc   0x00000134   Code   RO         2431    i.HAL_RCC_ClockConfig  stm32f4xx_hal_rcc.o
    0x08001930   0x08001930   0x0000000c   Code   RO         2436    i.HAL_RCC_GetHCLKFreq  stm32f4xx_hal_rcc.o
    0x0800193c   0x0800193c   0x00000020   Code   RO         2438    i.HAL_RCC_GetPCLK1Freq  stm32f4xx_hal_rcc.o
    0x0800195c   0x0800195c   0x00000064   Code   RO         2440    i.HAL_RCC_GetSysClockFreq  stm32f4xx_hal_rcc.o
    0x080019c0   0x080019c0   0x0000036c   Code   RO         2443    i.HAL_RCC_OscConfig  stm32f4xx_hal_rcc.o
    0x08001d2c   0x08001d2c   0x00000028   Code   RO         3263    i.HAL_SYSTICK_Config  stm32f4xx_hal_cortex.o
    0x08001d54   0x08001d54   0x00000054   Code   RO         4806    i.HAL_TIMEx_ConfigBreakDeadTime  stm32f4xx_hal_tim_ex.o
    0x08001da8   0x08001da8   0x0000007c   Code   RO         4822    i.HAL_TIMEx_MasterConfigSynchronization  stm32f4xx_hal_tim_ex.o
    0x08001e24   0x08001e24   0x0000005a   Code   RO         4099    i.HAL_TIM_Base_Init  stm32f4xx_hal_tim.o
    0x08001e7e   0x08001e7e   0x00000002   PAD
    0x08001e80   0x08001e80   0x00000084   Code   RO         1711    i.HAL_TIM_Base_MspInit  tim.o
    0x08001f04   0x08001f04   0x000000d6   Code   RO         4108    i.HAL_TIM_ConfigClockSource  stm32f4xx_hal_tim.o
    0x08001fda   0x08001fda   0x00000002   Code   RO         4129    i.HAL_TIM_ErrorCallback  stm32f4xx_hal_tim.o
    0x08001fdc   0x08001fdc   0x00000070   Code   RO         1712    i.HAL_TIM_MspPostInit  tim.o
    0x0800204c   0x0800204c   0x0000004c   Code   RO         4148    i.HAL_TIM_OC_ConfigChannel  stm32f4xx_hal_tim.o
    0x08002098   0x08002098   0x0000005a   Code   RO         4152    i.HAL_TIM_OC_Init   stm32f4xx_hal_tim.o
    0x080020f2   0x080020f2   0x00000002   Code   RO         4154    i.HAL_TIM_OC_MspInit  stm32f4xx_hal_tim.o
    0x080020f4   0x080020f4   0x000000c6   Code   RO         4171    i.HAL_TIM_PWM_ConfigChannel  stm32f4xx_hal_tim.o
    0x080021ba   0x080021ba   0x0000005a   Code   RO         4174    i.HAL_TIM_PWM_Init  stm32f4xx_hal_tim.o
    0x08002214   0x08002214   0x00000002   Code   RO         4176    i.HAL_TIM_PWM_MspInit  stm32f4xx_hal_tim.o
    0x08002216   0x08002216   0x00000002   Code   RO         4177    i.HAL_TIM_PWM_PulseFinishedCallback  stm32f4xx_hal_tim.o
    0x08002218   0x08002218   0x00000002   Code   RO         4178    i.HAL_TIM_PWM_PulseFinishedHalfCpltCallback  stm32f4xx_hal_tim.o
    0x0800221a   0x0800221a   0x00000002   PAD
    0x0800221c   0x0800221c   0x000000b0   Code   RO         4179    i.HAL_TIM_PWM_Start  stm32f4xx_hal_tim.o
    0x080022cc   0x080022cc   0x00000198   Code   RO         4180    i.HAL_TIM_PWM_Start_DMA  stm32f4xx_hal_tim.o
    0x08002464   0x08002464   0x0000002e   Code   RO         3693    i.I2C_IsAcknowledgeFailed  stm32f4xx_hal_i2c.o
    0x08002492   0x08002492   0x00000002   PAD
    0x08002494   0x08002494   0x000000a8   Code   RO         3704    i.I2C_RequestMemoryWrite  stm32f4xx_hal_i2c.o
    0x0800253c   0x0800253c   0x0000004c   Code   RO         3707    i.I2C_WaitOnBTFFlagUntilTimeout  stm32f4xx_hal_i2c.o
    0x08002588   0x08002588   0x00000068   Code   RO         3708    i.I2C_WaitOnFlagUntilTimeout  stm32f4xx_hal_i2c.o
    0x080025f0   0x080025f0   0x00000096   Code   RO         3709    i.I2C_WaitOnMasterAddressFlagUntilTimeout  stm32f4xx_hal_i2c.o
    0x08002686   0x08002686   0x0000004c   Code   RO         3711    i.I2C_WaitOnTXEFlagUntilTimeout  stm32f4xx_hal_i2c.o
    0x080026d2   0x080026d2   0x00000002   PAD
    0x080026d4   0x080026d4   0x00000038   Code   RO         5345    i.IntToUnicode      usbd_desc.o
    0x0800270c   0x0800270c   0x0000002c   Code   RO         1644    i.MX_DMA_Init       dma.o
    0x08002738   0x08002738   0x0000003c   Code   RO         1620    i.MX_GPIO_Init      gpio.o
    0x08002774   0x08002774   0x00000040   Code   RO         1670    i.MX_I2C2_Init      i2c.o
    0x080027b4   0x080027b4   0x000000e4   Code   RO         1713    i.MX_TIM1_Init      tim.o
    0x08002898   0x08002898   0x000000a8   Code   RO         1714    i.MX_TIM2_Init      tim.o
    0x08002940   0x08002940   0x00000054   Code   RO         5310    i.MX_USB_DEVICE_Init  usb_device.o
    0x08002994   0x08002994   0x00000002   Code   RO         1767    i.MemManage_Handler  stm32f4xx_it.o
    0x08002996   0x08002996   0x00000002   Code   RO         1768    i.NMI_Handler       stm32f4xx_it.o
    0x08002998   0x08002998   0x00000034   Code   RO         5201    i.OLED_Clear        oled.o
    0x080029cc   0x080029cc   0x00000010   Code   RO         5204    i.OLED_Init         oled.o
    0x080029dc   0x080029dc   0x00000022   Code   RO         5206    i.OLED_Set_Pos      oled.o
    0x080029fe   0x080029fe   0x00000002   PAD
    0x08002a00   0x08002a00   0x0000004c   Code   RO         5207    i.OLED_ShowCHinese  oled.o
    0x08002a4c   0x08002a4c   0x00000088   Code   RO         5208    i.OLED_ShowChar     oled.o
    0x08002ad4   0x08002ad4   0x0000006a   Code   RO         5209    i.OLED_ShowNum      oled.o
    0x08002b3e   0x08002b3e   0x00000036   Code   RO         5210    i.OLED_ShowString   oled.o
    0x08002b74   0x08002b74   0x00000024   Code   RO         5211    i.OLED_WR_CMD       oled.o
    0x08002b98   0x08002b98   0x00000024   Code   RO         5212    i.OLED_WR_DATA      oled.o
    0x08002bbc   0x08002bbc   0x00000018   Code   RO         1769    i.OTG_FS_IRQHandler  stm32f4xx_it.o
    0x08002bd4   0x08002bd4   0x000000cc   Code   RO         1897    i.PCD_EP_OutXfrComplete_int  stm32f4xx_hal_pcd.o
    0x08002ca0   0x08002ca0   0x000000a2   Code   RO         1898    i.PCD_WriteEmptyTxFifo  stm32f4xx_hal_pcd.o
    0x08002d42   0x08002d42   0x00000002   PAD
    0x08002d44   0x08002d44   0x00000050   Code   RO         5108    i.PID_X             user_code.o
    0x08002d94   0x08002d94   0x00000050   Code   RO         5109    i.PID_Y             user_code.o
    0x08002de4   0x08002de4   0x00000002   Code   RO         1770    i.SVC_Handler       stm32f4xx_it.o
    0x08002de6   0x08002de6   0x0000000a   Code   RO         5842    i.SWAPBYTE          usbd_ctlreq.o
    0x08002df0   0x08002df0   0x00000016   Code   RO         1771    i.SysTick_Handler   stm32f4xx_it.o
    0x08002e06   0x08002e06   0x00000002   PAD
    0x08002e08   0x08002e08   0x00000080   Code   RO         1436    i.SystemClock_Config  main.o
    0x08002e88   0x08002e88   0x0000001c   Code   RO         5071    i.SystemInit        system_stm32f4xx.o
    0x08002ea4   0x08002ea4   0x00000098   Code   RO         4192    i.TIM_Base_SetConfig  stm32f4xx_hal_tim.o
    0x08002f3c   0x08002f3c   0x0000001a   Code   RO         4193    i.TIM_CCxChannelCmd  stm32f4xx_hal_tim.o
    0x08002f56   0x08002f56   0x0000005e   Code   RO         4196    i.TIM_DMADelayPulseCplt  stm32f4xx_hal_tim.o
    0x08002fb4   0x08002fb4   0x00000038   Code   RO         4197    i.TIM_DMADelayPulseHalfCplt  stm32f4xx_hal_tim.o
    0x08002fec   0x08002fec   0x00000054   Code   RO         4198    i.TIM_DMAError      stm32f4xx_hal_tim.o
    0x08003040   0x08003040   0x00000014   Code   RO         4203    i.TIM_ETR_SetConfig  stm32f4xx_hal_tim.o
    0x08003054   0x08003054   0x00000010   Code   RO         4204    i.TIM_ITRx_SetConfig  stm32f4xx_hal_tim.o
    0x08003064   0x08003064   0x00000050   Code   RO         4205    i.TIM_OC1_SetConfig  stm32f4xx_hal_tim.o
    0x080030b4   0x080030b4   0x00000058   Code   RO         4206    i.TIM_OC2_SetConfig  stm32f4xx_hal_tim.o
    0x0800310c   0x0800310c   0x00000058   Code   RO         4207    i.TIM_OC3_SetConfig  stm32f4xx_hal_tim.o
    0x08003164   0x08003164   0x00000044   Code   RO         4208    i.TIM_OC4_SetConfig  stm32f4xx_hal_tim.o
    0x080031a8   0x080031a8   0x00000022   Code   RO         4210    i.TIM_TI1_ConfigInputStage  stm32f4xx_hal_tim.o
    0x080031ca   0x080031ca   0x00000024   Code   RO         4212    i.TIM_TI2_ConfigInputStage  stm32f4xx_hal_tim.o
    0x080031ee   0x080031ee   0x00000062   Code   RO         5975    i.USBD_CDC_DataIn   usbd_cdc.o
    0x08003250   0x08003250   0x0000002a   Code   RO         5976    i.USBD_CDC_DataOut  usbd_cdc.o
    0x0800327a   0x0800327a   0x00000048   Code   RO         5977    i.USBD_CDC_DeInit   usbd_cdc.o
    0x080032c2   0x080032c2   0x0000002e   Code   RO         5978    i.USBD_CDC_EP0_RxReady  usbd_cdc.o
    0x080032f0   0x080032f0   0x0000000c   Code   RO         5979    i.USBD_CDC_GetDeviceQualifierDescriptor  usbd_cdc.o
    0x080032fc   0x080032fc   0x0000000c   Code   RO         5980    i.USBD_CDC_GetFSCfgDesc  usbd_cdc.o
    0x08003308   0x08003308   0x0000000c   Code   RO         5981    i.USBD_CDC_GetHSCfgDesc  usbd_cdc.o
    0x08003314   0x08003314   0x0000000c   Code   RO         5982    i.USBD_CDC_GetOtherSpeedCfgDesc  usbd_cdc.o
    0x08003320   0x08003320   0x000000a2   Code   RO         5983    i.USBD_CDC_Init     usbd_cdc.o
    0x080033c2   0x080033c2   0x00000028   Code   RO         5984    i.USBD_CDC_ReceivePacket  usbd_cdc.o
    0x080033ea   0x080033ea   0x0000000e   Code   RO         5985    i.USBD_CDC_RegisterInterface  usbd_cdc.o
    0x080033f8   0x080033f8   0x00000012   Code   RO         5986    i.USBD_CDC_SetRxBuffer  usbd_cdc.o
    0x0800340a   0x0800340a   0x00000016   Code   RO         5987    i.USBD_CDC_SetTxBuffer  usbd_cdc.o
    0x08003420   0x08003420   0x000000be   Code   RO         5988    i.USBD_CDC_Setup    usbd_cdc.o
    0x080034de   0x080034de   0x00000010   Code   RO         5704    i.USBD_ClrClassConfig  usbd_core.o
    0x080034ee   0x080034ee   0x00000010   Code   RO         5915    i.USBD_CtlContinueRx  usbd_ioreq.o
    0x080034fe   0x080034fe   0x00000010   Code   RO         5916    i.USBD_CtlContinueSendData  usbd_ioreq.o
    0x0800350e   0x0800350e   0x00000016   Code   RO         5843    i.USBD_CtlError     usbd_ctlreq.o
    0x08003524   0x08003524   0x0000001e   Code   RO         5917    i.USBD_CtlPrepareRx  usbd_ioreq.o
    0x08003542   0x08003542   0x00000016   Code   RO         5918    i.USBD_CtlReceiveStatus  usbd_ioreq.o
    0x08003558   0x08003558   0x0000001a   Code   RO         5919    i.USBD_CtlSendData  usbd_ioreq.o
    0x08003572   0x08003572   0x00000016   Code   RO         5920    i.USBD_CtlSendStatus  usbd_ioreq.o
    0x08003588   0x08003588   0x00000020   Code   RO         5346    i.USBD_FS_ConfigStrDescriptor  usbd_desc.o
    0x080035a8   0x080035a8   0x0000000c   Code   RO         5347    i.USBD_FS_DeviceDescriptor  usbd_desc.o
    0x080035b4   0x080035b4   0x00000024   Code   RO         5348    i.USBD_FS_InterfaceStrDescriptor  usbd_desc.o
    0x080035d8   0x080035d8   0x0000000c   Code   RO         5349    i.USBD_FS_LangIDStrDescriptor  usbd_desc.o
    0x080035e4   0x080035e4   0x00000028   Code   RO         5350    i.USBD_FS_ManufacturerStrDescriptor  usbd_desc.o
    0x0800360c   0x0800360c   0x0000002c   Code   RO         5351    i.USBD_FS_ProductStrDescriptor  usbd_desc.o
    0x08003638   0x08003638   0x00000038   Code   RO         5352    i.USBD_FS_SerialStrDescriptor  usbd_desc.o
    0x08003670   0x08003670   0x000000e6   Code   RO         5844    i.USBD_GetDescriptor  usbd_ctlreq.o
    0x08003756   0x08003756   0x00000048   Code   RO         5845    i.USBD_GetString    usbd_ctlreq.o
    0x0800379e   0x0800379e   0x00000018   Code   RO         5510    i.USBD_Get_USB_Status  usbd_conf.o
    0x080037b6   0x080037b6   0x00000026   Code   RO         5706    i.USBD_Init         usbd_core.o
    0x080037dc   0x080037dc   0x00000012   Code   RO         5511    i.USBD_LL_ClearStallEP  usbd_conf.o
    0x080037ee   0x080037ee   0x00000012   Code   RO         5512    i.USBD_LL_CloseEP   usbd_conf.o
    0x08003800   0x08003800   0x000000a8   Code   RO         5707    i.USBD_LL_DataInStage  usbd_core.o
    0x080038a8   0x080038a8   0x0000006c   Code   RO         5708    i.USBD_LL_DataOutStage  usbd_core.o
    0x08003914   0x08003914   0x00000004   Code   RO         5709    i.USBD_LL_DevConnected  usbd_core.o
    0x08003918   0x08003918   0x00000018   Code   RO         5710    i.USBD_LL_DevDisconnected  usbd_core.o
    0x08003930   0x08003930   0x00000008   Code   RO         5516    i.USBD_LL_GetRxDataSize  usbd_conf.o
    0x08003938   0x08003938   0x00000060   Code   RO         5517    i.USBD_LL_Init      usbd_conf.o
    0x08003998   0x08003998   0x00000020   Code   RO         5518    i.USBD_LL_IsStallEP  usbd_conf.o
    0x080039b8   0x080039b8   0x00000020   Code   RO         5711    i.USBD_LL_IsoINIncomplete  usbd_core.o
    0x080039d8   0x080039d8   0x00000020   Code   RO         5712    i.USBD_LL_IsoOUTIncomplete  usbd_core.o
    0x080039f8   0x080039f8   0x00000018   Code   RO         5519    i.USBD_LL_OpenEP    usbd_conf.o
    0x08003a10   0x08003a10   0x00000012   Code   RO         5520    i.USBD_LL_PrepareReceive  usbd_conf.o
    0x08003a22   0x08003a22   0x0000005a   Code   RO         5713    i.USBD_LL_Reset     usbd_core.o
    0x08003a7c   0x08003a7c   0x00000014   Code   RO         5714    i.USBD_LL_Resume    usbd_core.o
    0x08003a90   0x08003a90   0x00000020   Code   RO         5715    i.USBD_LL_SOF       usbd_core.o
    0x08003ab0   0x08003ab0   0x00000006   Code   RO         5716    i.USBD_LL_SetSpeed  usbd_core.o
    0x08003ab6   0x08003ab6   0x00000012   Code   RO         5521    i.USBD_LL_SetUSBAddress  usbd_conf.o
    0x08003ac8   0x08003ac8   0x00000060   Code   RO         5717    i.USBD_LL_SetupStage  usbd_core.o
    0x08003b28   0x08003b28   0x00000012   Code   RO         5522    i.USBD_LL_StallEP   usbd_conf.o
    0x08003b3a   0x08003b3a   0x00000012   Code   RO         5523    i.USBD_LL_Start     usbd_conf.o
    0x08003b4c   0x08003b4c   0x00000012   Code   RO         5718    i.USBD_LL_Suspend   usbd_core.o
    0x08003b5e   0x08003b5e   0x00000012   Code   RO         5525    i.USBD_LL_Transmit  usbd_conf.o
    0x08003b70   0x08003b70   0x0000002c   Code   RO         5846    i.USBD_ParseSetupRequest  usbd_ctlreq.o
    0x08003b9c   0x08003b9c   0x00000024   Code   RO         5719    i.USBD_RegisterClass  usbd_core.o
    0x08003bc0   0x08003bc0   0x00000014   Code   RO         5721    i.USBD_SetClassConfig  usbd_core.o
    0x08003bd4   0x08003bd4   0x000000bc   Code   RO         5847    i.USBD_SetConfig    usbd_ctlreq.o
    0x08003c90   0x08003c90   0x00000004   Code   RO         5722    i.USBD_Start        usbd_core.o
    0x08003c94   0x08003c94   0x00000114   Code   RO         5848    i.USBD_StdDevReq    usbd_ctlreq.o
    0x08003da8   0x08003da8   0x00000140   Code   RO         5849    i.USBD_StdEPReq     usbd_ctlreq.o
    0x08003ee8   0x08003ee8   0x00000052   Code   RO         5850    i.USBD_StdItfReq    usbd_ctlreq.o
    0x08003f3a   0x08003f3a   0x00000002   Code   RO         5526    i.USBD_static_free  usbd_conf.o
    0x08003f3c   0x08003f3c   0x00000008   Code   RO         5527    i.USBD_static_malloc  usbd_conf.o
    0x08003f44   0x08003f44   0x00000080   Code   RO         2133    i.USB_ActivateEndpoint  stm32f4xx_ll_usb.o
    0x08003fc4   0x08003fc4   0x0000001c   Code   RO         2135    i.USB_ActivateSetup  stm32f4xx_ll_usb.o
    0x08003fe0   0x08003fe0   0x00000074   Code   RO         2137    i.USB_CoreInit      stm32f4xx_ll_usb.o
    0x08004054   0x08004054   0x00000038   Code   RO         2138    i.USB_CoreReset     stm32f4xx_ll_usb.o
    0x0800408c   0x0800408c   0x000000cc   Code   RO         2141    i.USB_DeactivateEndpoint  stm32f4xx_ll_usb.o
    0x08004158   0x08004158   0x0000001c   Code   RO         2142    i.USB_DevConnect    stm32f4xx_ll_usb.o
    0x08004174   0x08004174   0x0000001c   Code   RO         2143    i.USB_DevDisconnect  stm32f4xx_ll_usb.o
    0x08004190   0x08004190   0x00000174   Code   RO         2144    i.USB_DevInit       stm32f4xx_ll_usb.o
    0x08004304   0x08004304   0x0000000c   Code   RO         2145    i.USB_DisableGlobalInt  stm32f4xx_ll_usb.o
    0x08004310   0x08004310   0x00000118   Code   RO         2148    i.USB_EP0StartXfer  stm32f4xx_ll_usb.o
    0x08004428   0x08004428   0x00000058   Code   RO         2149    i.USB_EP0_OutStart  stm32f4xx_ll_usb.o
    0x08004480   0x08004480   0x00000058   Code   RO         2150    i.USB_EPClearStall  stm32f4xx_ll_usb.o
    0x080044d8   0x080044d8   0x00000058   Code   RO         2151    i.USB_EPSetStall    stm32f4xx_ll_usb.o
    0x08004530   0x08004530   0x000001e8   Code   RO         2152    i.USB_EPStartXfer   stm32f4xx_ll_usb.o
    0x08004718   0x08004718   0x0000000c   Code   RO         2153    i.USB_EnableGlobalInt  stm32f4xx_ll_usb.o
    0x08004724   0x08004724   0x00000020   Code   RO         2154    i.USB_FlushRxFifo   stm32f4xx_ll_usb.o
    0x08004744   0x08004744   0x00000024   Code   RO         2155    i.USB_FlushTxFifo   stm32f4xx_ll_usb.o
    0x08004768   0x08004768   0x0000001a   Code   RO         2157    i.USB_GetDevSpeed   stm32f4xx_ll_usb.o
    0x08004782   0x08004782   0x00000008   Code   RO         2159    i.USB_GetMode       stm32f4xx_ll_usb.o
    0x0800478a   0x0800478a   0x0000000e   Code   RO         2166    i.USB_ReadDevAllInEpInterrupt  stm32f4xx_ll_usb.o
    0x08004798   0x08004798   0x0000000e   Code   RO         2167    i.USB_ReadDevAllOutEpInterrupt  stm32f4xx_ll_usb.o
    0x080047a6   0x080047a6   0x00000024   Code   RO         2168    i.USB_ReadDevInEPInterrupt  stm32f4xx_ll_usb.o
    0x080047ca   0x080047ca   0x00000010   Code   RO         2169    i.USB_ReadDevOutEPInterrupt  stm32f4xx_ll_usb.o
    0x080047da   0x080047da   0x00000008   Code   RO         2170    i.USB_ReadInterrupts  stm32f4xx_ll_usb.o
    0x080047e2   0x080047e2   0x0000001c   Code   RO         2171    i.USB_ReadPacket    stm32f4xx_ll_usb.o
    0x080047fe   0x080047fe   0x0000002e   Code   RO         2173    i.USB_SetCurrentMode  stm32f4xx_ll_usb.o
    0x0800482c   0x0800482c   0x00000022   Code   RO         2174    i.USB_SetDevAddress  stm32f4xx_ll_usb.o
    0x0800484e   0x0800484e   0x00000002   PAD
    0x08004850   0x08004850   0x000000e8   Code   RO         2176    i.USB_SetTurnaroundTime  stm32f4xx_ll_usb.o
    0x08004938   0x08004938   0x00000024   Code   RO         2179    i.USB_WritePacket   stm32f4xx_ll_usb.o
    0x0800495c   0x0800495c   0x00000002   Code   RO         1772    i.UsageFault_Handler  stm32f4xx_it.o
    0x0800495e   0x0800495e   0x00000002   PAD
    0x08004960   0x08004960   0x00000098   Code   RO         5110    i.WS2812            user_code.o
    0x080049f8   0x080049f8   0x00000034   Code   RO         5213    i.WriteCmd          oled.o
    0x08004a2c   0x08004a2c   0x00000020   Code   RO         3265    i.__NVIC_SetPriority  stm32f4xx_hal_cortex.o
    0x08004a4c   0x08004a4c   0x00000044   Code   RO          614    i.__rt_ffs          kservice.o
    0x08004a90   0x08004a90   0x0000000e   Code   RO         6163    i.__scatterload_copy  mc_w.l(handlers.o)
    0x08004a9e   0x08004a9e   0x00000002   Code   RO         6164    i.__scatterload_null  mc_w.l(handlers.o)
    0x08004aa0   0x08004aa0   0x0000000e   Code   RO         6165    i.__scatterload_zeroinit  mc_w.l(handlers.o)
    0x08004aae   0x08004aae   0x00000002   PAD
    0x08004ab0   0x08004ab0   0x00000024   Code   RO         1059    i._get_highest_priority_thread  scheduler.o
    0x08004ad4   0x08004ad4   0x00000014   Code   RO          256    i._has_defunct_thread  idle.o
    0x08004ae8   0x08004ae8   0x000000b8   Code   RO         1060    i._rt_scheduler_stack_check  scheduler.o
    0x08004ba0   0x08004ba0   0x000000bc   Code   RO         1159    i._rt_thread_init   thread.o
    0x08004c5c   0x08004c5c   0x0000001c   Code   RO         1307    i._rt_timer_init    timer.o
    0x08004c78   0x08004c78   0x00000006   Code   RO         1308    i._rt_timer_remove  timer.o
    0x08004c7e   0x08004c7e   0x00000002   PAD
    0x08004c80   0x08004c80   0x00000098   Code   RO         5111    i.fill_pwm_data     user_code.o
    0x08004d18   0x08004d18   0x00000040   Code   RO         1437    i.main              main.o
    0x08004d58   0x08004d58   0x00000074   Code   RO         5112    i.oled              user_code.o
    0x08004dcc   0x08004dcc   0x00000010   Code   RO         5214    i.oled_pow          oled.o
    0x08004ddc   0x08004ddc   0x000000e8   Code   RO          816    i.plug_holes        mem.o
    0x08004ec4   0x08004ec4   0x00000130   Code   RO          616    i.print_number      kservice.o
    0x08004ff4   0x08004ff4   0x0000006c   Code   RO          617    i.rt_assert_handler  kservice.o
    0x08005060   0x08005060   0x000000b0   Code   RO          178    i.rt_device_write   device.o
    0x08005110   0x08005110   0x0000001c   Code   RO         1062    i.rt_enter_critical  scheduler.o
    0x0800512c   0x0800512c   0x00000038   Code   RO         1063    i.rt_exit_critical  scheduler.o
    0x08005164   0x08005164   0x000001c8   Code   RO          818    i.rt_free           mem.o
    0x0800532c   0x0800532c   0x00000002   Code   RO          623    i.rt_hw_console_output  kservice.o
    0x0800532e   0x0800532e   0x00000002   PAD
    0x08005330   0x08005330   0x00000210   Code   RO          125    i.rt_hw_hard_fault_exception  cpuport.o
    0x08005540   0x08005540   0x0000003c   Code   RO          126    i.rt_hw_stack_init  cpuport.o
    0x0800557c   0x0800557c   0x00000024   Code   RO          575    i.rt_interrupt_enter  irq.o
    0x080055a0   0x080055a0   0x00000018   Code   RO          577    i.rt_interrupt_get_nest  irq.o
    0x080055b8   0x080055b8   0x00000024   Code   RO          578    i.rt_interrupt_leave  irq.o
    0x080055dc   0x080055dc   0x0000000e   Code   RO          316    i.rt_ipc_list_resume  ipc.o
    0x080055ea   0x080055ea   0x00000002   PAD
    0x080055ec   0x080055ec   0x00000052   Code   RO          318    i.rt_ipc_list_suspend  ipc.o
    0x0800563e   0x0800563e   0x00000002   PAD
    0x08005640   0x08005640   0x00000048   Code   RO          624    i.rt_kprintf        kservice.o
    0x08005688   0x08005688   0x0000000e   Code   RO          946    i.rt_list_insert_after  object.o
    0x08005696   0x08005696   0x0000000e   Code   RO         1160    i.rt_list_insert_after  thread.o
    0x080056a4   0x080056a4   0x0000000e   Code   RO         1309    i.rt_list_insert_after  timer.o
    0x080056b2   0x080056b2   0x0000000e   Code   RO          319    i.rt_list_insert_before  ipc.o
    0x080056c0   0x080056c0   0x00000012   Code   RO          947    i.rt_list_remove    object.o
    0x080056d2   0x080056d2   0x00000012   Code   RO         1161    i.rt_list_remove    thread.o
    0x080056e4   0x080056e4   0x00000012   Code   RO         1310    i.rt_list_remove    timer.o
    0x080056f6   0x080056f6   0x00000002   PAD
    0x080056f8   0x080056f8   0x000001fc   Code   RO          820    i.rt_malloc         mem.o
    0x080058f4   0x080058f4   0x00000046   Code   RO          630    i.rt_memset         kservice.o
    0x0800593a   0x0800593a   0x00000002   PAD
    0x0800593c   0x0800593c   0x000000dc   Code   RO          948    i.rt_object_allocate  object.o
    0x08005a18   0x08005a18   0x00000098   Code   RO          950    i.rt_object_delete  object.o
    0x08005ab0   0x08005ab0   0x00000054   Code   RO          951    i.rt_object_detach  object.o
    0x08005b04   0x08005b04   0x00000024   Code   RO          954    i.rt_object_get_information  object.o
    0x08005b28   0x08005b28   0x00000034   Code   RO          957    i.rt_object_get_type  object.o
    0x08005b5c   0x08005b5c   0x000000b4   Code   RO          958    i.rt_object_init    object.o
    0x08005c10   0x08005c10   0x00000038   Code   RO          959    i.rt_object_is_systemobject  object.o
    0x08005c48   0x08005c48   0x000000cc   Code   RO         1064    i.rt_schedule       scheduler.o
    0x08005d14   0x08005d14   0x00000088   Code   RO         1065    i.rt_schedule_insert_thread  scheduler.o
    0x08005d9c   0x08005d9c   0x00000070   Code   RO         1066    i.rt_schedule_remove_thread  scheduler.o
    0x08005e0c   0x08005e0c   0x000000a4   Code   RO          345    i.rt_sem_create     ipc.o
    0x08005eb0   0x08005eb0   0x0000006c   Code   RO          348    i.rt_sem_init       ipc.o
    0x08005f1c   0x08005f1c   0x00000094   Code   RO          349    i.rt_sem_release    ipc.o
    0x08005fb0   0x08005fb0   0x0000017c   Code   RO          350    i.rt_sem_take       ipc.o
    0x0800612c   0x0800612c   0x00000020   Code   RO          631    i.rt_set_errno      kservice.o
    0x0800614c   0x0800614c   0x00000012   Code   RO          634    i.rt_sprintf        kservice.o
    0x0800615e   0x0800615e   0x00000010   Code   RO          638    i.rt_strlen         kservice.o
    0x0800616e   0x0800616e   0x00000026   Code   RO          640    i.rt_strncpy        kservice.o
    0x08006194   0x08006194   0x00000108   Code   RO          824    i.rt_system_heap_init  mem.o
    0x0800629c   0x0800629c   0x00000030   Code   RO         1068    i.rt_system_scheduler_init  scheduler.o
    0x080062cc   0x080062cc   0x00000028   Code   RO         1069    i.rt_system_scheduler_start  scheduler.o
    0x080062f4   0x080062f4   0x0000000c   Code   RO         1311    i.rt_system_timer_init  timer.o
    0x08006300   0x08006300   0x00000048   Code   RO         1163    i.rt_thread_create  thread.o
    0x08006348   0x08006348   0x00000004   Code   RO         1164    i.rt_thread_delay   thread.o
    0x0800634c   0x0800634c   0x00000058   Code   RO         1168    i.rt_thread_exit    thread.o
    0x080063a4   0x080063a4   0x0000001c   Code   RO          258    i.rt_thread_idle_entry  idle.o
    0x080063c0   0x080063c0   0x000000cc   Code   RO          259    i.rt_thread_idle_excute  idle.o
    0x0800648c   0x0800648c   0x00000044   Code   RO          261    i.rt_thread_idle_init  idle.o
    0x080064d0   0x080064d0   0x00000080   Code   RO         1170    i.rt_thread_init    thread.o
    0x08006550   0x08006550   0x0000008c   Code   RO         1173    i.rt_thread_resume  thread.o
    0x080065dc   0x080065dc   0x0000000c   Code   RO         1175    i.rt_thread_self    thread.o
    0x080065e8   0x080065e8   0x00000080   Code   RO         1176    i.rt_thread_sleep   thread.o
    0x08006668   0x08006668   0x000000bc   Code   RO         1177    i.rt_thread_startup  thread.o
    0x08006724   0x08006724   0x000000cc   Code   RO         1178    i.rt_thread_suspend  thread.o
    0x080067f0   0x080067f0   0x000000b4   Code   RO         1180    i.rt_thread_timeout  thread.o
    0x080068a4   0x080068a4   0x0000000c   Code   RO           11    i.rt_tick_get       clock.o
    0x080068b0   0x080068b0   0x00000034   Code   RO           12    i.rt_tick_increase  clock.o
    0x080068e4   0x080068e4   0x000000a4   Code   RO         1313    i.rt_timer_check    timer.o
    0x08006988   0x08006988   0x000000c0   Code   RO         1314    i.rt_timer_control  timer.o
    0x08006a48   0x08006a48   0x000000dc   Code   RO         1317    i.rt_timer_detach   timer.o
    0x08006b24   0x08006b24   0x00000050   Code   RO         1320    i.rt_timer_init     timer.o
    0x08006b74   0x08006b74   0x00000140   Code   RO         1322    i.rt_timer_start    timer.o
    0x08006cb4   0x08006cb4   0x000000b4   Code   RO         1323    i.rt_timer_stop     timer.o
    0x08006d68   0x08006d68   0x0000027c   Code   RO          643    i.rt_vsnprintf      kservice.o
    0x08006fe4   0x08006fe4   0x0000000c   Code   RO          644    i.rt_vsprintf       kservice.o
    0x08006ff0   0x08006ff0   0x00000028   Code   RO          645    i.skip_atoi         kservice.o
    0x08007018   0x08007018   0x00000034   Code   RO         5113    i.usb_receive       user_code.o
    0x0800704c   0x0800704c   0x00000098   Code   RO         5114    i.user_code         user_code.o
    0x080070e4   0x080070e4   0x0000006c   Code   RO         5115    i.user_code_init    user_code.o
    0x08007150   0x08007150   0x000000c9   Data   RO          179    .constdata          device.o
    0x08007219   0x08007219   0x00000016   Data   RO          264    .constdata          idle.o
    0x0800722f   0x0800722f   0x000001fc   Data   RO          352    .constdata          ipc.o
    0x0800742b   0x0800742b   0x00000122   Data   RO          647    .constdata          kservice.o
    0x0800754d   0x0800754d   0x0000003c   Data   RO          826    .constdata          mem.o
    0x08007589   0x08007589   0x00000080   Data   RO          963    .constdata          object.o
    0x08007609   0x08007609   0x0000004e   Data   RO         1071    .constdata          scheduler.o
    0x08007657   0x08007657   0x000000cf   Data   RO         1182    .constdata          thread.o
    0x08007726   0x08007726   0x0000005c   Data   RO         1324    .constdata          timer.o
    0x08007782   0x08007782   0x00000008   Data   RO         2958    .constdata          stm32f4xx_hal_dma.o
    0x0800778a   0x0800778a   0x00000010   Data   RO         5072    .constdata          system_stm32f4xx.o
    0x0800779a   0x0800779a   0x00000008   Data   RO         5073    .constdata          system_stm32f4xx.o
    0x080077a2   0x080077a2   0x000009c8   Data   RO         5215    .constdata          oled.o
    0x0800816a   0x0800816a   0x00000002   PAD
    0x0800816c   0x0800816c   0x00000045   Data   RO          353    .conststring        ipc.o
    0x080081b1   0x080081b1   0x00000003   PAD
    0x080081b4   0x080081b4   0x000000eb   Data   RO          827    .conststring        mem.o
    0x0800829f   0x0800829f   0x00000001   PAD
    0x080082a0   0x080082a0   0x00000042   Data   RO         1183    .conststring        thread.o
    0x080082e2   0x080082e2   0x00000002   PAD
    0x080082e4   0x080082e4   0x00000020   Data   RO         6161    Region$$Table       anon$$obj.o


    Execution Region RW_IRAM1 (Exec base: 0x20000000, Load base: 0x08008304, Size: 0x0000c7b0, Max: 0x00020000, ABSOLUTE, COMPRESSED[0x00000134])

    Exec Addr    Load Addr    Size         Type   Attr      Idx    E Section Name        Object

    0x20000000   COMPRESSED   0x00000004   Data   RW           14    .data               clock.o
    0x20000004   COMPRESSED   0x00000004   Data   RW          128    .data               cpuport.o
    0x20000008   COMPRESSED   0x00000004   Data   RW          129    .data               cpuport.o
    0x2000000c   COMPRESSED   0x00000004   Data   RW          130    .data               cpuport.o
    0x20000010   COMPRESSED   0x00000004   Data   RW          131    .data               cpuport.o
    0x20000014   COMPRESSED   0x0000000c   Data   RW          580    .data               irq.o
    0x20000020   COMPRESSED   0x0000000c   Data   RW          648    .data               kservice.o
    0x2000002c   COMPRESSED   0x00000020   Data   RW          828    .data               mem.o
    0x2000004c   COMPRESSED   0x000000a4   Data   RW          964    .data               object.o
    0x200000f0   COMPRESSED   0x00000018   Data   RW         1072    .data               scheduler.o
    0x20000108   COMPRESSED   0x0000000c   Data   RW         1184    .data               thread.o
    0x20000114   COMPRESSED   0x00000014   Data   RW         1325    .data               timer.o
    0x20000128   COMPRESSED   0x0000000c   Data   RW         3409    .data               stm32f4xx_hal.o
    0x20000134   COMPRESSED   0x00000004   Data   RW         5074    .data               system_stm32f4xx.o
    0x20000138   COMPRESSED   0x00000008   Data   RW         5117    .data               user_code.o
    0x20000140   COMPRESSED   0x0000001b   Data   RW         5216    .data               oled.o
    0x2000015b   COMPRESSED   0x00000001   PAD
    0x2000015c   COMPRESSED   0x0000001c   Data   RW         5354    .data               usbd_desc.o
    0x20000178   COMPRESSED   0x00000032   Data   RW         5355    .data               usbd_desc.o
    0x200001aa   COMPRESSED   0x00000002   PAD
    0x200001ac   COMPRESSED   0x00000014   Data   RW         5439    .data               usbd_cdc_if.o
    0x200001c0   COMPRESSED   0x00000001   Data   RW         5851    .data               usbd_ctlreq.o
    0x200001c1   COMPRESSED   0x00000003   PAD
    0x200001c4   COMPRESSED   0x000000d7   Data   RW         5990    .data               usbd_cdc.o
    0x2000029b   COMPRESSED   0x00000001   PAD
    0x2000029c   COMPRESSED   0x00000038   Data   RW         5991    .data               usbd_cdc.o
    0x200002d4   COMPRESSED   0x00000004   PAD
    0x200002d8        -       0x00000490   Zero   RW          263    .bss                idle.o
    0x20000768        -       0x00000080   Zero   RW          646    .bss                kservice.o
    0x200007e8        -       0x00000020   Zero   RW          825    .bss                mem.o
    0x20000808        -       0x00000100   Zero   RW         1070    .bss                scheduler.o
    0x20000908        -       0x00008000   Zero   RW         1438    .bss                main.o
    0x20008908        -       0x00000054   Zero   RW         1671    .bss                i2c.o
    0x2000895c        -       0x000000f0   Zero   RW         1715    .bss                tim.o
    0x20008a4c        -       0x00000268   Zero   RW         5116    .bss                user_code.o
    0x20008cb4        -       0x000002d0   Zero   RW         5311    .bss                usb_device.o
    0x20008f84        -       0x00000200   Zero   RW         5353    .bss                usbd_desc.o
    0x20009184        -       0x00001000   Zero   RW         5438    .bss                usbd_cdc_if.o
    0x2000a184        -       0x00000628   Zero   RW         5528    .bss                usbd_conf.o
    0x2000a7ac   COMPRESSED   0x00000004   PAD
    0x2000a7b0        -       0x00002000   Zero   RW            1    STACK               startup_stm32f411xe.o


==============================================================================

Image component sizes


      Code (inc. data)   RO Data    RW Data    ZI Data      Debug   Object Name

        64         10          0          4          0      16085   clock.o
       308         28          0          0          0        780   context_rvds.o
       588        344          0         16          0       3902   cpuport.o
       176         80        201          0          0       7283   device.o
        44          4          0          0          0        782   dma.o
        60          6          0          0          0        839   gpio.o
       188         28          0          0         84       1709   i2c.o
       320         78         22          0       1168       5738   idle.o
       910        272        577          0          0      32952   ipc.o
        96         14          0         12          0       2174   irq.o
      1416         94        290         12        128      12710   kservice.o
       194         12          0          0      32768     427464   main.o
      1460        606        295         32         32       5433   mem.o
       812        282        128        164          0      10454   object.o
       614         34       2504         27          0       7891   oled.o
       844        218         78         24        256       9606   scheduler.o
        36          8        408          0       8192        840   startup_stm32f411xe.o
       180         28          0         12          0       9293   stm32f4xx_hal.o
       198         14          0          0          0      33959   stm32f4xx_hal_cortex.o
       902         16          8          0          0       5823   stm32f4xx_hal_dma.o
       476         32          0          0          0       1516   stm32f4xx_hal_gpio.o
      1316         32          0          0          0       9447   stm32f4xx_hal_i2c.o
        48          6          0          0          0        862   stm32f4xx_hal_msp.o
      2308         14          0          0          0      12797   stm32f4xx_hal_pcd.o
        78          0          0          0          0       2409   stm32f4xx_hal_pcd_ex.o
      1328         70          0          0          0       5141   stm32f4xx_hal_rcc.o
      2194        104          0          0          0      19873   stm32f4xx_hal_tim.o
       208         20          0          0          0       2172   stm32f4xx_hal_tim_ex.o
        82          8          0          0          0       4371   stm32f4xx_it.o
      2582        132          0          0          0      22908   stm32f4xx_ll_usb.o
        28          6         24          4          0       1167   system_stm32f4xx.o
      1364        424        273         12          0      15464   thread.o
       640         46          0          0        240       3431   tim.o
      1234        472         92         20          0      21037   timer.o
        84         18          0          0        720        816   usb_device.o
       752         16          0        271          0      13003   usbd_cdc.o
        80         18          0         20       4096       3518   usbd_cdc_if.o
       638         24          0          0       1576      16864   usbd_conf.o
       744          0          0          0          0      12669   usbd_core.o
      1244         30          0          1          0      14352   usbd_ctlreq.o
       288        104          0         78        512       6209   usbd_desc.o
       132          0          0          0          0       4548   usbd_ioreq.o
       892        134          0          8        616       7592   user_code.o

    ----------------------------------------------------------------------
     28190       3886       4940        724      50396     797883   Object Totals
         0          0         32          0          0          0   (incl. Generated)
        40          0          8          7          8          0   (incl. Padding)

    ----------------------------------------------------------------------

      Code (inc. data)   RO Data    RW Data    ZI Data      Debug   Library Member Name

        86          0          0          0          0          0   __dczerorl2.o
         0          0          0          0          0          0   entry.o
         0          0          0          0          0          0   entry10a.o
         0          0          0          0          0          0   entry11a.o
         4          0          0          0          0          0   entry12b.o
         8          4          0          0          0          0   entry2.o
         4          0          0          0          0          0   entry5.o
         0          0          0          0          0          0   entry7b.o
         0          0          0          0          0          0   entry8b.o
         8          4          0          0          0          0   entry9a.o
        30          0          0          0          0          0   handlers.o
        36          8          0          0          0         68   init.o
        30          0          0          0          0         68   llshl.o
        32          0          0          0          0         68   llushr.o
        36          0          0          0          0         68   memcpya.o
        36          0          0          0          0        108   memseta.o
        98          0          0          0          0         92   uldiv.o

    ----------------------------------------------------------------------
       410         16          0          0          0        472   Library Totals
         2          0          0          0          0          0   (incl. Padding)

    ----------------------------------------------------------------------

      Code (inc. data)   RO Data    RW Data    ZI Data      Debug   Library Name

       408         16          0          0          0        472   mc_w.l

    ----------------------------------------------------------------------
       410         16          0          0          0        472   Library Totals

    ----------------------------------------------------------------------

==============================================================================


      Code (inc. data)   RO Data    RW Data    ZI Data      Debug   

     28600       3902       4940        724      50396     768383   Grand Totals
     28600       3902       4940        308      50396     768383   ELF Image Totals (compressed)
     28600       3902       4940        308          0          0   ROM Totals

==============================================================================

    Total RO  Size (Code + RO Data)                33540 (  32.75kB)
    Total RW  Size (RW Data + ZI Data)             51120 (  49.92kB)
    Total ROM Size (Code + RO Data + RW Data)      33848 (  33.05kB)

==============================================================================

